Script started on 2019-10-17 14:54:51-04:00 [TERM="xterm-256color" TTY="/dev/pts/0" COLUMNS="80" LINES="24"]
alee889@g7-30:/import/linux/home1/alee889/i220b/submit/lab9$ cd files
alee889@g7-30:/import/linux/home1/alee889/i220b/submit/lab9/files$ clear
[H[2J[3Jalee889@g7-30:/import/linux/home1/alee889/i220b/submit/lab9/files$ dir
hello.c  Makefile  mystery.o
alee889@g7-30:/import/linux/home1/alee889/i220b/submit/lab9/files$ gedit hl[Kello.c &
[1] 22079
alee889@g7-30:/import/linux/home1/alee889/i220b/submit/lab9/files$ make
cc -g -Wall  -std=c11    hello.c   -o hello
cc -g -Wall  -std=c11 -S hello.c
[1]+  Done                    gedit hello.c
alee889@g7-30:/import/linux/home1/alee889/i220b/submit/lab9/files$ ./hello
usage: ./hello NAME...
alee889@g7-30:/import/linux/home1/alee889/i220b/submit/lab9/files$ size hello
   text	   data	    bss	    dec	    hex	filename
   1874	    592	     48	   2514	    9d2	hello
alee889@g7-30:/import/linux/home1/alee889/i220b/submit/lab9/files$ size -A hello [A[C[C[C[C[C[C[C[C[C[C[C[C[C[C[C[C[C[C[C[C[C[C[C[C[C[C[C[C[C[C[C[C[C[C[C[C[C[C[C[C[C[C[C[C[C[C[C[C[C[C[C[C[C[C[C[C[C[C[C[C[C[C[C[C[C[C[C[C[C[C[C[C[C[C[C[C[C[C[C[Ko
hello  :
section              size    addr
.interp                28     680
.note.ABI-tag          32     708
.note.gnu.build-id     36     740
.gnu.hash              48     776
.dynsym               240     824
.dynstr               152    1064
.gnu.version           20    1216
.gnu.version_r         32    1240
.rela.dyn             240    1272
.rela.plt              48    1512
.init                  23    4096
.plt                   48    4128
.plt.got                8    4176
.text                 513    4192
.fini                   9    4708
.rodata                33    8192
.eh_frame_hdr          68    8228
.eh_frame             296    8296
.init_array             8   15848
.fini_array             8   15856
.dynamic              480   15864
.got                   40   16344
.got.plt               40   16384
.data                  16   16424
.bss                   48   16448
.comment               28       0
.debug_aranges         48       0
.debug_info           860       0
.debug_abbrev         287       0
.debug_line           308       0
.debug_str            607       0
Total                4652


alee889@g7-30:/import/linux/home1/alee889/i220b/submit/lab9/files$ obj[Kjdump -d he llo > hello.objdump
alee889@g7-30:/import/linux/home1/alee889/i220b/submit/lab9/files$ gedit hello.o bjdump &
[1] 22957
alee889@g7-30:/import/linux/home1/alee889/i220b/submit/lab9/files$ 
[1]+  Done                    gedit hello.objdump
alee889@g7-30:/import/linux/home1/alee889/i220b/submit/lab9/files$ objdump -d he llo > hello. [Kobju[Kdump
alee889@g7-30:/import/linux/home1/alee889/i220b/submit/lab9/files$ objumpd[K[K[K[Kdump -d -s  -x hello >he[K[K hello.objump[K[K[Kdump
alee889@g7-30:/import/linux/home1/alee889/i220b/submit/lab9/files$ gedit hello.o bjdump &
[1] 23817
alee889@g7-30:/import/linux/home1/alee889/i220b/submit/lab9/files$ objdump -d he llo | grep -A40 main.:
0000000000001174 <main>:
    1174:	55                   	push   %rbp
    1175:	48 89 e5             	mov    %rsp,%rbp
    1178:	48 83 ec 20          	sub    $0x20,%rsp
    117c:	89 7d ec             	mov    %edi,-0x14(%rbp)
    117f:	48 89 75 e0          	mov    %rsi,-0x20(%rbp)
    1183:	83 7d ec 01          	cmpl   $0x1,-0x14(%rbp)
    1187:	75 2c                	jne    11b5 <main+0x41>
    1189:	48 8b 45 e0          	mov    -0x20(%rbp),%rax
    118d:	48 8b 10             	mov    (%rax),%rdx
    1190:	48 8b 05 c9 2e 00 00 	mov    0x2ec9(%rip),%rax        # 4060 <stderr@@GLIBC_2.2.5>
    1197:	48 8d 35 70 0e 00 00 	lea    0xe70(%rip),%rsi        # 200e <_IO_stdin_used+0xe>
    119e:	48 89 c7             	mov    %rax,%rdi
    11a1:	b8 00 00 00 00       	mov    $0x0,%eax
    11a6:	e8 85 fe ff ff       	callq  1030 <fprintf@plt>
    11ab:	bf ef be ad de       	mov    $0xdeadbeef,%edi
    11b0:	e8 8b fe ff ff       	callq  1040 <exit@plt>
    11b5:	c7 45 fc 01 00 00 00 	movl   $0x1,-0x4(%rbp)
    11bc:	eb 2d                	jmp    11eb <main+0x77>
    11be:	8b 45 fc             	mov    -0x4(%rbp),%eax
    11c1:	48 98                	cltq   
    11c3:	48 8d 14 c5 00 00 00 	lea    0x0(,%rax,8),%rdx
    11ca:	00 
    11cb:	48 8b 45 e0          	mov    -0x20(%rbp),%rax
    11cf:	48 01 d0             	add    %rdx,%rax
    11d2:	48 8b 10             	mov    (%rax),%rdx
    11d5:	48 8b 05 64 2e 00 00 	mov    0x2e64(%rip),%rax        # 4040 <stdout@@GLIBC_2.2.5>
    11dc:	48 89 d6             	mov    %rdx,%rsi
    11df:	48 89 c7             	mov    %rax,%rdi
    11e2:	e8 5e ff ff ff       	callq  1145 <hello>
    11e7:	83 45 fc 01          	addl   $0x1,-0x4(%rbp)
    11eb:	8b 45 fc             	mov    -0x4(%rbp),%eax
    11ee:	3b 45 ec             	cmp    -0x14(%rbp),%eax
    11f1:	7c cb                	jl     11be <main+0x4a>
    11f3:	b8 00 00 00 00       	mov    $0x0,%eax
    11f8:	c9                   	leaveq 
    11f9:	c3                   	retq   
    11fa:	66 0f 1f 44 00 00    	nopw   0x0(%rax,%rax,1)

0000000000001200 <__libc_csu_init>:
    1200:	41 57                	push   %r15
[1]+  Done                    gedit hello.objdump
alee889@g7-30:/import/linux/home1/alee889/i220b/submit/lab9/files$ ls -l hello
-rwxr-xr-x 1 alee889 alee889 19392 Oct 17 14:57 hello
alee889@g7-30:/import/linux/home1/alee889/i220b/submit/lab9/files$ tri[K[K[Kstrup[K[Kip hello
alee889@g7-30:/import/linux/home1/alee889/i220b/submit/lab9/files$ l[Kstrip hellols -l[C[C[C[C[C[C
-rwxr-xr-x 1 alee889 alee889 14416 Oct 17 15:05 hello
alee889@g7-30:/import/linux/home1/alee889/i220b/submit/lab9/files$ make clean
rm -f hello hello.s *.objdump *~
alee889@g7-30:/import/linux/home1/alee889/i220b/submit/lab9/files$ dir
hello.c  Makefile  mystery.o
alee889@g7-30:/import/linux/home1/alee889/i220b/submit/lab9/files$ clear[K[K[K[K[Kclear
[H[2J[3Jalee889@g7-30:/import/linux/home1/alee889/i220b/submit/lab9/files$ gedit mi[Kystery.o &
[1] 25193
alee889@g7-30:/import/linux/home1/alee889/i220b/submit/lab9/files$ dir
hello.c  Makefile  mystery.o
[1]+  Done                    gedit mystery.o
alee889@g7-30:/import/linux/home1/alee889/i220b/submit/lab9/files$ size mystery.o 
   text	   data	    bss	    dec	    hex	filename
     73	      0	      0	     73	     49	mystery.o
alee889@g7-30:/import/linux/home1/alee889/i220b/submit/lab9/files$ objdump -s -[K[K[Kd 0  s [K[K[A[C[C[C[C[C[C[C[C[C[C[C[C[C[C[C[C[C[C[C[C[C[C[C[C[C[C[C[C[C[C[C[C[C[C[C[C[C[C[C[C[C[C[C[C[C[C[C[C[C[C[C[C[C[C[C[C[C[C[C[C[C[C[C[C[C[C[C[C[C[C[C[C[C[C[C[C[C[C[C[K
[K[A[C[C[C[C[C[C[C[C[C[C[C[C[C[C[C[C[C[C[C[C[C[C[C[C[C[C[C[C[C[C[C[C[C[C[C[C[C[C[C[C[C[C[C[C[C[C[C[C[C[C[C[C[C[C[C[C[C[C[C[C[C[C[C[C[C[C[C[C[C[C[C[C[C[C[C[C[C[C[C[K0s [A[C[C[C[C[C[C[C[C[C[C[C[C[C[C[C[C[C[C[C[C[C[C[C[C[C[C[C[C[C[C[C[C[C[C[C[C[C[C[C[C[C[C[C[C[C[C[C[C[C[C[C[C[C[C[C[C[C[C[C[C[C[C[C[C[C[C[C[C[C[C[C[C[C[C[C[C[C[C[C[K
[K[A[C[C[C[C[C[C[C[C[C[C[C[C[C[C[C[C[C[C[C[C[C[C[C[C[C[C[C[C[C[C[C[C[C[C[C[C[C[C[C[C[C[C[C[C[C[C[C[C[C[C[C[C[C[C[C[C[C[C[C[C[C[C[C[C[C[C[C[C[C[C[C[C[C[C[C[C[C[C[C[K-s  -x hello > hello.[K[K[K[K[K[K[K[K[K[K[K[K[K[Kmystery.o > mystery.objdump
alee889@g7-30:/import/linux/home1/alee889/i220b/submit/lab9/files$ gedit mystery.o[Kobjdump &
[1] 25511
alee889@g7-30:/import/linux/home1/alee889/i220b/submit/lab9/files$ make
cc -g -Wall  -std=c11    hello.c   -o hello
cc -g -Wall  -std=c11 -S hello.c
[1]+  Done                    gedit mystery.objdump
alee889@g7-30:/import/linux/home1/alee889/i220b/submit/lab9/files$ gdb hello 
GNU gdb (Debian 8.2.1-2) 8.2.1
Copyright (C) 2018 Free Software Foundation, Inc.
License GPLv3+: GNU GPL version 3 or later <http://gnu.org/licenses/gpl.html>
This is free software: you are free to change and redistribute it.
There is NO WARRANTY, to the extent permitted by law.
Type "show copying" and "show warranty" for details.
This GDB was configured as "x86_64-linux-gnu".
Type "show configuration" for configuration details.
For bug reporting instructions, please see:
<http://www.gnu.org/software/gdb/bugs/>.
Find the GDB manual and other documentation resources online at:
    <http://www.gnu.org/software/gdb/documentation/>.

For help, type "help".
Type "apropos word" to search for commands related to "word"...
Reading symbols from hello...done.
(gdb) b main
Breakpoint 1 at 0x1183: file hello.c, line 16.
(gdb) r
Starting program: /import/linux/home1/alee889/git-repos/i220b/submit/lab9/files/hello 

Breakpoint 1, main (argc=1, argv=0x7fffffffe778) at hello.c:16
16	  if (argc == 1) {
(gdb) disas /m 
Dump of assembler code for function main:
15	{
   0x0000555555555174 <+0>:	push   %rbp
   0x0000555555555175 <+1>:	mov    %rsp,%rbp
   0x0000555555555178 <+4>:	sub    $0x20,%rsp
   0x000055555555517c <+8>:	mov    %edi,-0x14(%rbp)
   0x000055555555517f <+11>:	mov    %rsi,-0x20(%rbp)

16	  if (argc == 1) {
=> 0x0000555555555183 <+15>:	cmpl   $0x1,-0x14(%rbp)
   0x0000555555555187 <+19>:	jne    0x5555555551b5 <main+65>

17	    fprintf(stderr, "usage: %s NAME...\n", argv[0]);
   0x0000555555555189 <+21>:	mov    -0x20(%rbp),%rax
   0x000055555555518d <+25>:	mov    (%rax),%rdx
   0x0000555555555190 <+28>:	mov    0x2ec9(%rip),%rax        # 0x555555558060 <stderr@@GLIBC_2.2.5>
   0x0000555555555197 <+35>:	lea    0xe70(%rip),%rsi        # 0x55555555600e
   0x000055555555519e <+42>:	mov    %rax,%rdi
   0x00005555555551a1 <+45>:	mov    $0x0,%eax
   0x00005555555551a6 <+50>:	callq  0x555555555030 <fprintf@plt>

18	    exit(0xdeadbeef);
--Type <RET> for more, q to quit, c to continue without paging--i[Ki reg
   0x00005555555551ab <+55>:	mov    $0xdeadbeef,%edi
   0x00005555555551b0 <+60>:	callq  0x555555555040 <exit@plt>

19	  }
20	  for (int i = 1; i < argc; i++) {
   0x00005555555551b5 <+65>:	movl   $0x1,-0x4(%rbp)
   0x00005555555551bc <+72>:	jmp    0x5555555551eb <main+119>
   0x00005555555551e7 <+115>:	addl   $0x1,-0x4(%rbp)
   0x00005555555551eb <+119>:	mov    -0x4(%rbp),%eax
   0x00005555555551ee <+122>:	cmp    -0x14(%rbp),%eax
   0x00005555555551f1 <+125>:	jl     0x5555555551be <main+74>

21	    hello(stdout, argv[i]);
   0x00005555555551be <+74>:	mov    -0x4(%rbp),%eax
   0x00005555555551c1 <+77>:	cltq   
   0x00005555555551c3 <+79>:	lea    0x0(,%rax,8),%rdx
   0x00005555555551cb <+87>:	mov    -0x20(%rbp),%rax
   0x00005555555551cf <+91>:	add    %rdx,%rax
   0x00005555555551d2 <+94>:	mov    (%rax),%rdx
   0x00005555555551d5 <+97>:	mov    0x2e64(%rip),%rax        # 0x555555558040 <stdout@@GLIBC_2.2.5>
   0x00005555555551dc <+104>:	mov    %rdx,%rsi
   0x00005555555551df <+107>:	mov    %rax,%rdi
--Type <RET> for more, q to quit, c to continue without paging--p argc 
   0x00005555555551e2 <+110>:	callq  0x555555555145 <hello>

22	  }
23	  return 0;
   0x00005555555551f3 <+127>:	mov    $0x0,%eax

24	}
   0x00005555555551f8 <+132>:	leaveq 
   0x00005555555551f9 <+133>:	retq   

End of assembler dump.
(gdb) p * ($rbp - 20)
Attempt to dereference a generic pointer.
(gdb) p *(int *)($rbp - 20)
$1 = 1
(gdb) p argy[Kv
$2 = (const char **) 0x7fffffffe778
(gdb) p *(const char ***)($rbp - 0x20)[K[K[K[K[K32)
$3 = (const char **) 0x7fffffffe778
(gdb) p *co[K[K[K(*(const char ***)($rbp - 0x20))[20[K[K0]
$4 = 0x7fffffffea5f "/import/linux/home1/alee889/git-repos/i220b/submit/lab9/files/hello"
(gdb) display /i *$pc
1: x/i *$pc
=> 0x555555555183 <main+15>:	cmpl   $0x1,-0x14(%rbp)
(gdb) p $eflags
$5 = [ IF ]
(gdb) nexti
0x0000555555555187	16	  if (argc == 1) {
1: x/i *$pc
=> 0x555555555187 <main+19>:	jne    0x5555555551b5 <main+65>
(gdb) p $eflags
$6 = [ PF ZF IF ]
(gdb) ni
17	    fprintf(stderr, "usage: %s NAME...\n", argv[0]);
1: x/i *$pc
=> 0x555555555189 <main+21>:	mov    -0x20(%rbp),%rax
(gdb) ni
0x000055555555518d	17	    fprintf(stderr, "usage: %s NAME...\n", argv[0]);
1: x/i *$pc
=> 0x55555555518d <main+25>:	mov    (%rax),%rdx
(gdb) ni
0x0000555555555190	17	    fprintf(stderr, "usage: %s NAME...\n", argv[0]);
1: x/i *$pc
=> 0x555555555190 <main+28>:	
    mov    0x2ec9(%rip),%rax        # 0x555555558060 <stderr@@GLIBC_2.2.5>
(gdb) 
0x0000555555555197	17	    fprintf(stderr, "usage: %s NAME...\n", argv[0]);
1: x/i *$pc
=> 0x555555555197 <main+35>:	lea    0xe70(%rip),%rsi        # 0x55555555600e
(gdb) ni
0x000055555555519e	17	    fprintf(stderr, "usage: %s NAME...\n", argv[0]);
1: x/i *$pc
=> 0x55555555519e <main+42>:	mov    %rax,%rdi
(gdb) ni
0x00005555555551a1	17	    fprintf(stderr, "usage: %s NAME...\n", argv[0]);
1: x/i *$pc
=> 0x5555555551a1 <main+45>:	mov    $0x0,%eax
(gdb) ni
0x00005555555551a6	17	    fprintf(stderr, "usage: %s NAME...\n", argv[0]);
1: x/i *$pc
=> 0x5555555551a6 <main+50>:	callq  0x555555555030 <fprintf@plt>
(gdb) ni
usage: /import/linux/home1/alee889/git-repos/i220b/submit/lab9/files/hello NAME...
18	    exit(0xdeadbeef);
1: x/i *$pc
=> 0x5555555551ab <main+55>:	mov    $0xdeadbeef,%edi
(gdb) ni
0x00005555555551b0	18	    exit(0xdeadbeef);
1: x/i *$pc
=> 0x5555555551b0 <main+60>:	callq  0x555555555040 <exit@plt>
(gdb) ni
[Inferior 1 (process 27363) exited with code 0357]
(gdb) ni
The program is not being run.
(gdb) q
alee889@g7-30:/import/linux/home1/alee889/i220b/submit/lab9/files$ gdb hello
GNU gdb (Debian 8.2.1-2) 8.2.1
Copyright (C) 2018 Free Software Foundation, Inc.
License GPLv3+: GNU GPL version 3 or later <http://gnu.org/licenses/gpl.html>
This is free software: you are free to change and redistribute it.
There is NO WARRANTY, to the extent permitted by law.
Type "show copying" and "show warranty" for details.
This GDB was configured as "x86_64-linux-gnu".
Type "show configuration" for configuration details.
For bug reporting instructions, please see:
<http://www.gnu.org/software/gdb/bugs/>.
Find the GDB manual and other documentation resources online at:
    <http://www.gnu.org/software/gdb/documentation/>.

For help, type "help".
Type "apropos word" to search for commands related to "word"...
Reading symbols from hello...done.
(gdb) b hello
Breakpoint 1 at 0x1155: file hello.c, line 8.
(gdb) q
alee889@g7-30:/import/linux/home1/alee889/i220b/submit/lab9/files$ gdb hello r j oe
Excess command line arguments ignored. (joe)
GNU gdb (Debian 8.2.1-2) 8.2.1
Copyright (C) 2018 Free Software Foundation, Inc.
License GPLv3+: GNU GPL version 3 or later <http://gnu.org/licenses/gpl.html>
This is free software: you are free to change and redistribute it.
There is NO WARRANTY, to the extent permitted by law.
Type "show copying" and "show warranty" for details.
This GDB was configured as "x86_64-linux-gnu".
Type "show configuration" for configuration details.
For bug reporting instructions, please see:
<http://www.gnu.org/software/gdb/bugs/>.
Find the GDB manual and other documentation resources online at:
    <http://www.gnu.org/software/gdb/documentation/>.

For help, type "help".
Type "apropos word" to search for commands related to "word"...
Reading symbols from hello...done.
/import/linux/home1/alee889/git-repos/i220b/submit/lab9/files/r: No such file or directory.
(gdb) he[K[Kb hello
Breakpoint 1 at 0x1155: file hello.c, line 8.
(gdb) q
alee889@g7-30:/import/linux/home1/alee889/i220b/submit/lab9/files$ gdb hello r joe[A[C[C[C[C[C[C[C[C[C[C[C[C[C[C[C[C[C[C[C[C[C[C[C[C[C[C[C[C[C[C[C[C[C[C[C[C[C[C[C[C[C[C[C[C[C[C[C[C[C[C[C[C[C[C[C[C[C[C[C[C[C[C[C[C[C[C[C[C[C[C[C[C[C[C[K
[K[A[C[C[C[C[C[C[C[C[C[C[C[C[C[C[C[C[C[C[C[C[C[C[C[C[C[C[C[C[C[C[C[C[C[C[C[C[C[C[C[C[C[C[C[C[C[C[C[C[C[C[C[C[C[C[C[C[C[C[C[C[C[C[C[C[C[C[C[C[C[C[C[C[C[C[C[C
GNU gdb (Debian 8.2.1-2) 8.2.1
Copyright (C) 2018 Free Software Foundation, Inc.
License GPLv3+: GNU GPL version 3 or later <http://gnu.org/licenses/gpl.html>
This is free software: you are free to change and redistribute it.
There is NO WARRANTY, to the extent permitted by law.
Type "show copying" and "show warranty" for details.
This GDB was configured as "x86_64-linux-gnu".
Type "show configuration" for configuration details.
For bug reporting instructions, please see:
<http://www.gnu.org/software/gdb/bugs/>.
Find the GDB manual and other documentation resources online at:
    <http://www.gnu.org/software/gdb/documentation/>.

For help, type "help".
Type "apropos word" to search for commands related to "word"...
Reading symbols from hello...done.
(gdb) b hello
Breakpoint 1 at 0x1155: file hello.c, line 8.
(gdb) r joe
Starting program: /import/linux/home1/alee889/git-repos/i220b/submit/lab9/files/hello joe

Breakpoint 1, hello (out=0x7ffff7f92760 <_IO_2_1_stdout_>, 
    who=0x7fffffffea9f "joe") at hello.c:8
8	  fprintf(out, "hello %s\n", who);
(gdb) disas /m
Dump of assembler code for function hello:
7	{
   0x0000555555555145 <+0>:	push   %rbp
   0x0000555555555146 <+1>:	mov    %rsp,%rbp
   0x0000555555555149 <+4>:	sub    $0x10,%rsp
   0x000055555555514d <+8>:	mov    %rdi,-0x8(%rbp)
   0x0000555555555151 <+12>:	mov    %rsi,-0x10(%rbp)

8	  fprintf(out, "hello %s\n", who);
=> 0x0000555555555155 <+16>:	mov    -0x10(%rbp),%rdx
   0x0000555555555159 <+20>:	mov    -0x8(%rbp),%rax
   0x000055555555515d <+24>:	lea    0xea0(%rip),%rsi        # 0x555555556004
   0x0000555555555164 <+31>:	mov    %rax,%rdi
   0x0000555555555167 <+34>:	mov    $0x0,%eax
   0x000055555555516c <+39>:	callq  0x555555555030 <fprintf@plt>

9	}
   0x0000555555555171 <+44>:	nop
   0x0000555555555172 <+45>:	leaveq 
   0x0000555555555173 <+46>:	retq   

End of assembler dump.
(gdb) p argc[K[K[K[K[K[Ki reg
rax            0x7ffff7f92760      140737353688928
rbx            0x0                 0
rcx            0x7ffff7f91718      140737353684760
rdx            0x7fffffffea9f      140737488349855
rsi            0x7fffffffea9f      140737488349855
rdi            0x7ffff7f92760      140737353688928
rbp            0x7fffffffe660      0x7fffffffe660
rsp            0x7fffffffe650      0x7fffffffe650
r8             0x7ffff7f92d80      140737353690496
r9             0x7ffff7f92d80      140737353690496
r10            0x7                 7
r11            0x2                 2
r12            0x555555555060      93824992235616
r13            0x7fffffffe770      140737488349040
r14            0x0                 0
r15            0x0                 0
rip            0x555555555155      0x555555555155 <hello+16>
eflags         0x206               [ PF IF ]
cs             0x33                51
ss             0x2b                43
ds             0x0                 0
es             0x0                 0
fs             0x0                 0
--Type <RET> for more, q to quit, c to continue without paging--p argc
gs             0x0                 0
(gdb) p who
$1 = 0x7fffffffea9f "joe"
(gdb) p * [K(const char ***)($rbp - 10 )[K[K)
$2 = (const char **) 0x7ffff7f927600000
(gdb) p *(const char ***)($rbp - 8)
$3 = (const char **) 0x7ffff7f92760 <_IO_2_1_stdout_>
(gdb) p *(const char ***)($rbp - 16)
$4 = (const char **) 0x7fffffffea9f
(gdb) q
A debugging session is active.

	Inferior 1 [process 31912] will be killed.

Quit anyway? (y or n) y
alee889@g7-30:/import/linux/home1/alee889/i220b/submit/lab9/files$ ^C
alee889@g7-30:/import/linux/home1/alee889/i220b/submit/lab9/files$ gdb hello
GNU gdb (Debian 8.2.1-2) 8.2.1
Copyright (C) 2018 Free Software Foundation, Inc.
License GPLv3+: GNU GPL version 3 or later <http://gnu.org/licenses/gpl.html>
This is free software: you are free to change and redistribute it.
There is NO WARRANTY, to the extent permitted by law.
Type "show copying" and "show warranty" for details.
This GDB was configured as "x86_64-linux-gnu".
Type "show configuration" for configuration details.
For bug reporting instructions, please see:
<http://www.gnu.org/software/gdb/bugs/>.
Find the GDB manual and other documentation resources online at:
    <http://www.gnu.org/software/gdb/documentation/>.

For help, type "help".
Type "apropos word" to search for commands related to "word"...
Reading symbols from hello...done.
(gdb) start joe
Temporary breakpoint 1 at 0x1183: file hello.c, line 16.
Starting program: /import/linux/home1/alee889/git-repos/i220b/submit/lab9/files/hello joe

Temporary breakpoint 1, main (argc=2, argv=0x7fffffffe778) at hello.c:16
16	  if (argc == 1) {
(gdb) disas /m 
Dump of assembler code for function main:
15	{
   0x0000555555555174 <+0>:	push   %rbp
   0x0000555555555175 <+1>:	mov    %rsp,%rbp
   0x0000555555555178 <+4>:	sub    $0x20,%rsp
   0x000055555555517c <+8>:	mov    %edi,-0x14(%rbp)
   0x000055555555517f <+11>:	mov    %rsi,-0x20(%rbp)

16	  if (argc == 1) {
=> 0x0000555555555183 <+15>:	cmpl   $0x1,-0x14(%rbp)
   0x0000555555555187 <+19>:	jne    0x5555555551b5 <main+65>

17	    fprintf(stderr, "usage: %s NAME...\n", argv[0]);
   0x0000555555555189 <+21>:	mov    -0x20(%rbp),%rax
   0x000055555555518d <+25>:	mov    (%rax),%rdx
   0x0000555555555190 <+28>:	mov    0x2ec9(%rip),%rax        # 0x555555558060 <stderr@@GLIBC_2.2.5>
   0x0000555555555197 <+35>:	lea    0xe70(%rip),%rsi        # 0x55555555600e
   0x000055555555519e <+42>:	mov    %rax,%rdi
   0x00005555555551a1 <+45>:	mov    $0x0,%eax
   0x00005555555551a6 <+50>:	callq  0x555555555030 <fprintf@plt>

18	    exit(0xdeadbeef);
--Type <RET> for more, q to quit, c to continue without paging--ni
   0x00005555555551ab <+55>:	mov    $0xdeadbeef,%edi
   0x00005555555551b0 <+60>:	callq  0x555555555040 <exit@plt>

19	  }
20	  for (int i = 1; i < argc; i++) {
   0x00005555555551b5 <+65>:	movl   $0x1,-0x4(%rbp)
   0x00005555555551bc <+72>:	jmp    0x5555555551eb <main+119>
   0x00005555555551e7 <+115>:	addl   $0x1,-0x4(%rbp)
   0x00005555555551eb <+119>:	mov    -0x4(%rbp),%eax
   0x00005555555551ee <+122>:	cmp    -0x14(%rbp),%eax
   0x00005555555551f1 <+125>:	jl     0x5555555551be <main+74>

21	    hello(stdout, argv[i]);
   0x00005555555551be <+74>:	mov    -0x4(%rbp),%eax
   0x00005555555551c1 <+77>:	cltq   
   0x00005555555551c3 <+79>:	lea    0x0(,%rax,8),%rdx
   0x00005555555551cb <+87>:	mov    -0x20(%rbp),%rax
   0x00005555555551cf <+91>:	add    %rdx,%rax
   0x00005555555551d2 <+94>:	mov    (%rax),%rdx
   0x00005555555551d5 <+97>:	mov    0x2e64(%rip),%rax        # 0x555555558040 <stdout@@GLIBC_2.2.5>
   0x00005555555551dc <+104>:	mov    %rdx,%rsi
   0x00005555555551df <+107>:	mov    %rax,%rdi
--Type <RET> for more, q to quit, c to continue without paging--b *0x000055555555551ee 
   0x00005555555551e2 <+110>:	callq  0x555555555145 <hello>

22	  }
23	  return 0;
   0x00005555555551f3 <+127>:	mov    $0x0,%eax

24	}
   0x00005555555551f8 <+132>:	leaveq 
   0x00005555555551f9 <+133>:	retq   

End of assembler dump.
(gdb)  [Kp i
No symbol "i" in current context.
(gdb) c
Continuing.
hello joe
[Inferior 1 (process 2938) exited normally]
(gdb) p i
No symbol "i" in current context.
(gdb) 
No symbol "i" in current context.
(gdb) 
No symbol "i" in current context.
(gdb) 
No symbol "i" in current context.
(gdb) q
alee889@g7-30:/import/linux/home1/alee889/i220b/submit/lab9/files$ gdb hello r joe[A[C[C[C[C[C[C[C[C[C[C[C[C[C[C[C[C[C[C[C[C[C[C[C[C[C[C[C[C[C[C[C[C[C[C[C[C[C[C[C[C[C[C[C[C[C[C[C[C[C[C[C[C[C[C[C[C[C[C[C[C[C[C[C[C[C[C[C[C[C[C[C[C[C[C[K
[K[A[C[C[C[C[C[C[C[C[C[C[C[C[C[C[C[C[C[C[C[C[C[C[C[C[C[C[C[C[C[C[C[C[C[C[C[C[C[C[C[C[C[C[C[C[C[C[C[C[C[C[C[C[C[C[C[C[C[C[C[C[C[C[C[C[C[C[C[C[C[C[C[C[C[C[C[C
GNU gdb (Debian 8.2.1-2) 8.2.1
Copyright (C) 2018 Free Software Foundation, Inc.
License GPLv3+: GNU GPL version 3 or later <http://gnu.org/licenses/gpl.html>
This is free software: you are free to change and redistribute it.
There is NO WARRANTY, to the extent permitted by law.
Type "show copying" and "show warranty" for details.
This GDB was configured as "x86_64-linux-gnu".
Type "show configuration" for configuration details.
For bug reporting instructions, please see:
<http://www.gnu.org/software/gdb/bugs/>.
Find the GDB manual and other documentation resources online at:
    <http://www.gnu.org/software/gdb/documentation/>.

For help, type "help".
Type "apropos word" to search for commands related to "word"...
Reading symbols from hello...done.
(gdb) start joe
Temporary breakpoint 1 at 0x1183: file hello.c, line 16.
Starting program: /import/linux/home1/alee889/git-repos/i220b/submit/lab9/files/hello joe

Temporary breakpoint 1, main (argc=2, argv=0x7fffffffe778) at hello.c:16
16	  if (argc == 1) {
(gdb) disass /m
Dump of assembler code for function main:
15	{
   0x0000555555555174 <+0>:	push   %rbp
   0x0000555555555175 <+1>:	mov    %rsp,%rbp
   0x0000555555555178 <+4>:	sub    $0x20,%rsp
   0x000055555555517c <+8>:	mov    %edi,-0x14(%rbp)
   0x000055555555517f <+11>:	mov    %rsi,-0x20(%rbp)

16	  if (argc == 1) {
=> 0x0000555555555183 <+15>:	cmpl   $0x1,-0x14(%rbp)
   0x0000555555555187 <+19>:	jne    0x5555555551b5 <main+65>

17	    fprintf(stderr, "usage: %s NAME...\n", argv[0]);
   0x0000555555555189 <+21>:	mov    -0x20(%rbp),%rax
   0x000055555555518d <+25>:	mov    (%rax),%rdx
   0x0000555555555190 <+28>:	mov    0x2ec9(%rip),%rax        # 0x555555558060 <stderr@@GLIBC_2.2.5>
   0x0000555555555197 <+35>:	lea    0xe70(%rip),%rsi        # 0x55555555600e
   0x000055555555519e <+42>:	mov    %rax,%rdi
   0x00005555555551a1 <+45>:	mov    $0x0,%eax
   0x00005555555551a6 <+50>:	callq  0x555555555030 <fprintf@plt>

18	    exit(0xdeadbeef);
--Type <RET> for more, q to quit, c to continue without paging--ni
   0x00005555555551ab <+55>:	mov    $0xdeadbeef,%edi
   0x00005555555551b0 <+60>:	callq  0x555555555040 <exit@plt>

19	  }
20	  for (int i = 1; i < argc; i++) {
   0x00005555555551b5 <+65>:	movl   $0x1,-0x4(%rbp)
   0x00005555555551bc <+72>:	jmp    0x5555555551eb <main+119>
   0x00005555555551e7 <+115>:	addl   $0x1,-0x4(%rbp)
   0x00005555555551eb <+119>:	mov    -0x4(%rbp),%eax
   0x00005555555551ee <+122>:	cmp    -0x14(%rbp),%eax
   0x00005555555551f1 <+125>:	jl     0x5555555551be <main+74>

21	    hello(stdout, argv[i]);
   0x00005555555551be <+74>:	mov    -0x4(%rbp),%eax
   0x00005555555551c1 <+77>:	cltq   
   0x00005555555551c3 <+79>:	lea    0x0(,%rax,8),%rdx
   0x00005555555551cb <+87>:	mov    -0x20(%rbp),%rax
   0x00005555555551cf <+91>:	add    %rdx,%rax
   0x00005555555551d2 <+94>:	mov    (%rax),%rdx
   0x00005555555551d5 <+97>:	mov    0x2e64(%rip),%rax        # 0x555555558040 <stdout@@GLIBC_2.2.5>
   0x00005555555551dc <+104>:	mov    %rdx,%rsi
   0x00005555555551df <+107>:	mov    %rax,%rdi
--Type <RET> for more, q to quit, c to continue without paging--b *0x14
   0x00005555555551e2 <+110>:	callq  0x555555555145 <hello>

22	  }
23	  return 0;
   0x00005555555551f3 <+127>:	mov    $0x0,%eax

24	}
   0x00005555555551f8 <+132>:	leaveq 
   0x00005555555551f9 <+133>:	retq   

End of assembler dump.
(gdb) c
Continuing.
hello joe
[Inferior 1 (process 3935) exited normally]
(gdb) p i
No symbol "i" in current context.
(gdb) c
The program is not being run.
(gdb) 
The program is not being run.
(gdb) set $eax = $eax-1
No registers.
(gdb) sets[K $rbp = $rbp-1
No registers.
(gdb) q
alee889@g7-30:/import/linux/home1/alee889/i220b/submit/lab9/files$ cd ,,[K[K..
alee889@g7-30:/import/linux/home1/alee889/i220b/submit/lab9$ git status
On branch master
Your branch is up to date with 'origin/master'.

Changes not staged for commit:
  (use "git add <file>..." to update what will be committed)
  (use "git checkout -- <file>..." to discard changes in working directory)

	[31mmodified:   ../prj2-sol/big-bits.c[m

Untracked files:
  (use "git add <file>..." to include in what will be committed)

	[31m./[m

no changes added to commit (use "git add" and/or "git commit -a")
alee889@g7-30:/import/linux/home1/alee889/i220b/submit/lab9$ gii[Kt add .
alee889@g7-30:/import/linux/home1/alee889/i220b/submit/lab9$ git commit -am "sub mitted lab9"
[master 11cdcc6] submitted lab9
 Committer: Alison Lee <alee889@cs.binghamton.edu>
Your name and email address were configured automatically based
on your username and hostname. Please check that they are accurate.
You can suppress this message by setting them explicitly. Run the
following command and follow the instructions in your editor to edit
your configuration file:

    git config --global --edit

After doing this, you may fix the identity used for this commit with:

    git commit --amend --reset-author

 11 files changed, 2094 insertions(+), 7 deletions(-)
 create mode 100755 submit/lab9/Makefile
 create mode 100644 submit/lab9/files/.gitignore
 create mode 100644 submit/lab9/files/Makefile
 create mode 100644 submit/lab9/files/hello.c
 create mode 100644 submit/lab9/files/hello.s
 create mode 100644 submit/lab9/lab9.html
 create mode 100644 submit/lab9/lab9.log
 create mode 100644 submit/lab9/lab9.pdf
 create mode 100644 submit/lab9/lab9.umt
 create mode 100644 submit/lab9/lab9_output.txt
alee889@g7-30:/import/linux/home1/alee889/i220b/submit/lab9$ git push
To github.com:alee023/i220b.git
 [31m! [rejected]       [m master -> master (fetch first)
[31merror: failed to push some refs to 'git@github.com:alee023/i220b.git'
[m[33mhint: Updates were rejected because the remote contains work that you do[m
[33mhint: not have locally. This is usually caused by another repository pushing[m
[33mhint: to the same ref. You may want to first integrate the remote changes[m
[33mhint: (e.g., 'git pull ...') before pushing again.[m
[33mhint: See the 'Note about fast-forwards' in 'git push --help' for details.[m
alee889@g7-30:/import/linux/home1/alee889/i220b/submit/lab9$ git pull
remote: Enumerating objects: 16, done.[K
remote: Counting objects:   6% (1/16)[Kremote: Counting objects:  12% (2/16)[Kremote: Counting objects:  18% (3/16)[Kremote: Counting objects:  25% (4/16)[Kremote: Counting objects:  31% (5/16)[Kremote: Counting objects:  37% (6/16)[Kremote: Counting objects:  43% (7/16)[Kremote: Counting objects:  50% (8/16)[Kremote: Counting objects:  56% (9/16)[Kremote: Counting objects:  62% (10/16)[Kremote: Counting objects:  68% (11/16)[Kremote: Counting objects:  75% (12/16)[Kremote: Counting objects:  81% (13/16)[Kremote: Counting objects:  87% (14/16)[Kremote: Counting objects:  93% (15/16)[Kremote: Counting objects: 100% (16/16)[Kremote: Counting objects: 100% (16/16), done.[K
remote: Compressing objects:   8% (1/12)[Kremote: Compressing objects:  16% (2/12)[Kremote: Compressing objects:  25% (3/12)[Kremote: Compressing objects:  33% (4/12)[Kremote: Compressing objects:  41% (5/12)[Kremote: Compressing objects:  50% (6/12)[Kremote: Compressing objects:  58% (7/12)[Kremote: Compressing objects:  66% (8/12)[Kremote: Compressing objects:  75% (9/12)[Kremote: Compressing objects:  83% (10/12)[Kremote: Compressing objects:  91% (11/12)[Kremote: Compressing objects: 100% (12/12)[Kremote: Compressing objects: 100% (12/12), done.[K
remote: Total 12 (delta 7), reused 0 (delta 0), pack-reused 0[K
Unpacking objects:   8% (1/12)   Unpacking objects:  16% (2/12)   Unpacking objects:  25% (3/12)   Unpacking objects:  33% (4/12)   Unpacking objects:  41% (5/12)   Unpacking objects:  50% (6/12)   Unpacking objects:  58% (7/12)   Unpacking objects:  66% (8/12)   Unpacking objects:  75% (9/12)   Unpacking objects:  83% (10/12)   Unpacking objects:  91% (11/12)   Unpacking objects: 100% (12/12)   Unpacking objects: 100% (12/12), done.
From github.com:alee023/i220b
   d8cced5..d602df8  master     -> origin/master
hint: Waiting for your editor to close the file... [?1000h[?2004h[?1049h[22;0;0t[?1h=[?2004h[1;24r[?12h[?12l[22;2t[22;1t[27m[23m[29m[m[H[2J[?25l[24;1H"~/git-repos/i220b/.git/MERGE_MSG" 7L, 277C[2;1Hâ–½[6n[2;1H  [1;1H[>c]10;?]11;?[1;1H[38;5;130mMerge branch 'master' of github.com:alee023/i220b[m

[34m# Please enter a commit message to explain why this merge is necessary,
# especially if it merges an updated upstream into a topic branch.
#
# Lines starting with '#' will be ignored, and an empty message aborts
# the commit.[m
[94m~                                                                               [9;1H~                                                                               [10;1H~                                                                               [11;1H~                                                                               [12;1H~                                                                               [13;1H~                                                                               [14;1H~                                                                               [15;1H~                                                                               [16;1H~                                                                               [17;1H~                                                                               [18;1H~                                                                               [19;1H~                                                                               [20;1H~                                                                               [21;1H~                                                                               [22;1H~                                                                               [23;1H~                                                                               [m[24;63H1,1[11CAll]2;MERGE_MSG (~/git-repos/i220b/.git) - VIM]1;MERGE_MSG[1;1H[?25hP+q436f\P+q6b75\P+q6b64\P+q6b72\P+q6b6c\P+q2332\P+q2334\P+q2569\P+q2a37\P+q6b31\[?1000l[?1006h[?1002h[?1006l[?1002l[?1006h[?1002h[27m[23m[29m[m[H[2J[?25l[1;1H[93mMerge branch 'master' of github.com:alee023/i220b[m

[96m# Please enter a commit message to explain why this merge is necessary,
# especially if it merges an updated upstream into a topic branch.
#
# Lines starting with '#' will be ignored, and an empty message aborts
# the commit.[m
[94m~                                                                               [9;1H~                                                                               [10;1H~                                                                               [11;1H~                                                                               [12;1H~                                                                               [13;1H~                                                                               [14;1H~                                                                               [15;1H~                                                                               [16;1H~                                                                               [17;1H~                                                                               [18;1H~                                                                               [19;1H~                                                                               [20;1H~                                                                               [21;1H~                                                                               [22;1H~                                                                               [23;1H~                                                                               [m[24;63H1,1[11CAll"~/git-repos/i220b/.git/MERGE_MSG" 7L, 277C[1;1H[?25h[?25l[24;53H^M[1;1H[24;53H  [2;1H[24;63H2,0-1[2;1H[?25h[?25l[24;53H`[2;1H[?25h[?25l[24;54H`[2;1H[24;53H  [1;1H[24;63H1,1  [1;1H[?25h[?25l[24;1HType  :qa!  and press <E...all changes and exit Vim[24;63H[K[24;63H1,1[11CAll[1;1H[?25h[?25l[24;53H:[1;1H[24;1H[K[24;1H:[?2004h[?25hq[?25l[?25ha[?25l[?25h![?25l[?25h[?25l[?1006l[?1002l[?2004l]2;Terminal - ]1;Terminal - [23;2t[23;1t[22;2t[22;1t[23;2t[23;1t[24;1H[K[24;1H[?2004l[?1l>[?25h[?1049l[23;0;0t[KMerge made by the 'recursive' strategy.
 submit/lab5/lab5_output.txt | 58 [32m+++++++++++++++++++++++++++++++++++[m[31m----------[m
 1 file changed, 45 insertions(+), 13 deletions(-)
alee889@g7-30:/import/linux/home1/alee889/i220b/submit/lab9$ git add .
alee889@g7-30:/import/linux/home1/alee889/i220b/submit/lab9$ git commit a[K-am "c[Ksub mitted lab9"
[master 6863847] submitted lab9
 Committer: Alison Lee <alee889@cs.binghamton.edu>
Your name and email address were configured automatically based
on your username and hostname. Please check that they are accurate.
You can suppress this message by setting them explicitly. Run the
following command and follow the instructions in your editor to edit
your configuration file:

    git config --global --edit

After doing this, you may fix the identity used for this commit with:

    git commit --amend --reset-author

 1 file changed, 155 insertions(+), 1 deletion(-)
alee889@g7-30:/import/linux/home1/alee889/i220b/submit/lab9$ git push
Enumerating objects: 33, done.
Counting objects:   3% (1/31)   Counting objects:   6% (2/31)   Counting objects:   9% (3/31)   Counting objects:  12% (4/31)   Counting objects:  16% (5/31)   Counting objects:  19% (6/31)   Counting objects:  22% (7/31)   Counting objects:  25% (8/31)   Counting objects:  29% (9/31)   Counting objects:  32% (10/31)   Counting objects:  35% (11/31)   Counting objects:  38% (12/31)   Counting objects:  41% (13/31)   Counting objects:  45% (14/31)   Counting objects:  48% (15/31)   Counting objects:  51% (16/31)   Counting objects:  54% (17/31)   Counting objects:  58% (18/31)   Counting objects:  61% (19/31)   Counting objects:  64% (20/31)   Counting objects:  67% (21/31)   Counting objects:  70% (22/31)   Counting objects:  74% (23/31)   Counting objects:  77% (24/31)   Counting objects:  80% (25/31)   Counting objects:  83% (26/31)   Counting objects:  87% (27/31)   Counting objects:  90% (28/31)   Counting objects:  93% (29/31)   Counting objects:  96% (30/31)   Counting objects: 100% (31/31)   Counting objects: 100% (31/31), done.
Delta compression using up to 8 threads
Compressing objects:   4% (1/24)   Compressing objects:   8% (2/24)   Compressing objects:  12% (3/24)   Compressing objects:  16% (4/24)   Compressing objects:  20% (5/24)   Compressing objects:  25% (6/24)   Compressing objects:  29% (7/24)   Compressing objects:  33% (8/24)   Compressing objects:  37% (9/24)   Compressing objects:  41% (10/24)   Compressing objects:  45% (11/24)   Compressing objects:  50% (12/24)   Compressing objects:  54% (13/24)   Compressing objects:  58% (14/24)   Compressing objects:  62% (15/24)   Compressing objects:  66% (16/24)   Compressing objects:  70% (17/24)   Compressing objects:  75% (18/24)   Compressing objects:  79% (19/24)   Compressing objects:  83% (20/24)   Compressing objects:  87% (21/24)   Compressing objects:  91% (22/24)   Compressing objects:  95% (23/24)   Compressing objects: 100% (24/24)   Compressing objects: 100% (24/24), done.
Writing objects:   4% (1/25)   Writing objects:   8% (2/25)   Writing objects:  12% (3/25)   Writing objects:  16% (4/25)   Writing objects:  20% (5/25)   Writing objects:  24% (6/25)   Writing objects:  28% (7/25)   Writing objects:  32% (8/25)   Writing objects:  36% (9/25)   Writing objects:  40% (10/25)   Writing objects:  44% (11/25)   Writing objects:  48% (12/25)   Writing objects:  52% (13/25)   Writing objects:  56% (14/25)   Writing objects:  60% (15/25)   Writing objects:  64% (16/25)   Writing objects:  68% (17/25)   Writing objects:  72% (18/25)   Writing objects:  76% (19/25)   Writing objects:  