Script started on 2019-10-24 15:00:37-04:00 [TERM="xterm-256color" TTY="/dev/pts/0" COLUMNS="80" LINES="24"]
alee889@g7-31:/import/linux/home1/alee889/i220b/submit/lab10$ cd roat[K[K[K[Kfiles/rotate/
alee889@g7-31:/import/linux/home1/alee889/i220b/submit/lab10/files/rotate$ gedit  roat[K[Ktate.c &
[1] 24621
alee889@g7-31:/import/linux/home1/alee889/i220b/submit/lab10/files/rotate$ c .[K[Kd .. /
[1]+  Done                    gedit rotate.c  (wd: /import/linux/home1/alee889/i220b/submit/lab10/files/rotate)
(wd now: /import/linux/home1/alee889/i220b/submit/lab10/files)
alee889@g7-31:/import/linux/home1/alee889/i220b/submit/lab10/files$ gedut kav19[K[K[K[K[Kkav[K[K[K[K[K[Kut [K[K[Kit lav[Kb10. [A[C[C[C[C[C[C[C[C[C[C[C[C[C[C[C[C[C[C[C[C[C[C[C[C[C[C[C[C[C[C[C[C[C[C[C[C[C[C[C[C[C[C[C[C[C[C[C[C[C[C[C[C[C[C[C[C[C[C[C[C[C[C[C[C[C[C[C[C[C[C[C[C[C[C[C[C[C[C[C[K
[K[A[C[C[C[C[C[C[C[C[C[C[C[C[C[C[C[C[C[C[C[C[C[C[C[C[C[C[C[C[C[C[C[C[C[C[C[C[C[C[C[C[C[C[C[C[C[C[C[C[C[C[C[C[C[C[C[C[C[C[C[C[C[C[C[C[C[C[C[C[C[C[C[C[C[C[C[C[C[C[C_ output.txt &
[1] 25034
alee889@g7-31:/import/linux/home1/alee889/i220b/submit/lab10/files$ cd ria[K[Kotate/
alee889@g7-31:/import/linux/home1/alee889/i220b/submit/lab10/files/rotate$ clear [A[C[C[C[C[C[C[C[C[C[C[C[C[C[C[C[C[C[C[C[C[C[C[C[C[C[C[C[C[C[C[C[C[C[C[C[C[C[C[C[C[C[C[C[C[C[C[C[C[C[C[C[C[C[C[C[C[C[C[C[C[C[C[C[C[C[C[C[C[C[C[C[C[C[C[C[C[C[C[C[Kr
[H[2J[3Jalee889@g7-31:/import/linux/home1/alee889/i220b/submit/lab10/files/rotate$ make  [A[C[C[C[C[C[C[C[C[C[C[C[C[C[C[C[C[C[C[C[C[C[C[C[C[C[C[C[C[C[C[C[C[C[C[C[C[C[C[C[C[C[C[C[C[C[C[C[C[C[C[C[C[C[C[C[C[C[C[C[C[C[C[C[C[C[C[C[C[C[C[C[C[C[C[C[C[C[C[C[K 
cc -S -Wall -Og -std=c11 rotate.c
alee889@g7-31:/import/linux/home1/alee889/i220b/submit/lab10/files/rotate$ ls
Makefile  rotate.c  rotate.s
alee889@g7-31:/import/linux/home1/alee889/i220b/submit/lab10/files/rotate$ gedit  [K[A[C[C[C[C[C[C[C[C[C[C[C[C[C[C[C[C[C[C[C[C[C[C[C[C[C[C[C[C[C[C[C[C[C[C[C[C[C[C[C[C[C[C[C[C[C[C[C[C[C[C[C[C[C[C[C[C[C[C[C[C[C[C[C[C[C[C[C[C[C[C[C[C[C[C[C[C[C[C[C[K
[K[A[C[C[C[C[C[C[C[C[C[C[C[C[C[C[C[C[C[C[C[C[C[C[C[C[C[C[C[C[C[C[C[C[C[C[C[C[C[C[C[C[C[C[C[C[C[C[C[C[C[C[C[C[C[C[C[C[C[C[C[C[C[C[C[C[C[C[C[C[C[C[C[C[C[C[C[C[C[C[C[K[K[K[Kgedit  m[KMakefile &
[2] 25121
alee889@g7-31:/import/linux/home1/alee889/i220b/submit/lab10/files/rotate$ gedit Makefile &[K[K[K[K[K[K[K[K[K[Krotate.s
[2]+  Done                    gedit Makefile
alee889@g7-31:/import/linux/home1/alee889/i220b/submit/lab10/files/rotate$ cd ,, [A[C[C[C[C[C[C[C[C[C[C[C[C[C[C[C[C[C[C[C[C[C[C[C[C[C[C[C[C[C[C[C[C[C[C[C[C[C[C[C[C[C[C[C[C[C[C[C[C[C[C[C[C[C[C[C[C[C[C[C[C[C[C[C[C[C[C[C[C[C[C[C[C[C[C[C[C[C[C[C[K
[K[A[C[C[C[C[C[C[C[C[C[C[C[C[C[C[C[C[C[C[C[C[C[C[C[C[C[C[C[C[C[C[C[C[C[C[C[C[C[C[C[C[C[C[C[C[C[C[C[C[C[C[C[C[C[C[C[C[C[C[C[C[C[C[C[C[C[C[C[C[C[C[C[C[C[C[C[C[C[C[C[K.. /cup[K[Kpuid 
bash: cd: ../cpuid: No such file or directory
alee889@g7-31:/import/linux/home1/alee889/i220b/submit/lab10/files/rotate$ cd ,c u[K[A[C[C[C[C[C[C[C[C[C[C[C[C[C[C[C[C[C[C[C[C[C[C[C[C[C[C[C[C[C[C[C[C[C[C[C[C[C[C[C[C[C[C[C[C[C[C[C[C[C[C[C[C[C[C[C[C[C[C[C[C[C[C[C[C[C[C[C[C[C[C[C[C[C[C[C[C[C[C[C[K
[K[A[C[C[C[C[C[C[C[C[C[C[C[C[C[C[C[C[C[C[C[C[C[C[C[C[C[C[C[C[C[C[C[C[C[C[C[C[C[C[C[C[C[C[C[C[C[C[C[C[C[C[C[C[C[C[C[C[C[C[C[C[C[C[C[C[C[C[C[C[C[C[C[C[C[C[C[C[C[C[C[K[K .. /cpuid
bash: cd: ../cpuid: No such file or directory
alee889@g7-31:/import/linux/home1/alee889/i220b/submit/lab10/files/rotate$ c d.. [A[C[C[C[C[C[C[C[C[C[C[C[C[C[C[C[C[C[C[C[C[C[C[C[C[C[C[C[C[C[C[C[C[C[C[C[C[C[C[C[C[C[C[C[C[C[C[C[C[C[C[C[C[C[C[C[C[C[C[C[C[C[C[C[C[C[C[C[C[C[C[C[C[C[C[C[C[C[C[C[K
[K[A[C[C[C[C[C[C[C[C[C[C[C[C[C[C[C[C[C[C[C[C[C[C[C[C[C[C[C[C[C[C[C[C[C[C[C[C[C[C[C[C[C[C[C[C[C[C[C[C[C[C[C[C[C[C[C[C[C[C[C[C[C[C[C[C[C[C[C[C[C[C[C[C[C[C[C[C[C[C[C[K[K[Kd .. [A[C[C[C[C[C[C[C[C[C[C[C[C[C[C[C[C[C[C[C[C[C[C[C[C[C[C[C[C[C[C[C[C[C[C[C[C[C[C[C[C[C[C[C[C[C[C[C[C[C[C[C[C[C[C[C[C[C[C[C[C[C[C[C[C[C[C[C[C[C[C[C[C[C[C[C[C[C[C[C[K.
alee889@g7-31:/import/linux/home1/alee889/i220b/submit/lab10/files$ dur
bash: dur: command not found
alee889@g7-31:/import/linux/home1/alee889/i220b/submit/lab10/files$ d[Kdir
cpuid1	cpuid2	parity	rip  rotate  rsp
alee889@g7-31:/import/linux/home1/alee889/i220b/submit/lab10/files$ cd up[K[Kcpi[Kup[Kid1cle [A[C[C[C[C[C[C[C[C[C[C[C[C[C[C[C[C[C[C[C[C[C[C[C[C[C[C[C[C[C[C[C[C[C[C[C[C[C[C[C[C[C[C[C[C[C[C[C[C[C[C[C[C[C[C[C[C[C[C[C[C[C[C[C[C[C[C[C[C[C[C[C[C[C[C[C[C[C[C[C[K
[K[A[C[C[C[C[C[C[C[C[C[C[C[C[C[C[C[C[C[C[C[C[C[C[C[C[C[C[C[C[C[C[C[C[C[C[C[C[C[C[C[C[C[C[C[C[C[C[C[C[C[C[C[C[C[C[C[C[C[C[C[C[C[C[C[C[C[C[C[C[C[C[C[C[C[C[C[C[C[C[C[K[K
alee889@g7-31:/import/linux/home1/alee889/i220b/submit/lab10/files/cpuid1$ clear [A[C[C[C[C[C[C[C[C[C[C[C[C[C[C[C[C[C[C[C[C[C[C[C[C[C[C[C[C[C[C[C[C[C[C[C[C[C[C[C[C[C[C[C[C[C[C[C[C[C[C[C[C[C[C[C[C[C[C[C[C[C[C[C[C[C[C[C[C[C[C[C[C[C[C[C[C[C[C[C[Kr
[H[2J[3Jalee889@g7-31:/import/linux/home1/alee889/i220b/submit/lab10/files/cpuid1$ gedit  get_c[K[K[K[K[K[K[A[C[C[C[C[C[C[C[C[C[C[C[C[C[C[C[C[C[C[C[C[C[C[C[C[C[C[C[C[C[C[C[C[C[C[C[C[C[C[C[C[C[C[C[C[C[C[C[C[C[C[C[C[C[C[C[C[C[C[C[C[C[C[C[C[C[C[C[C[C[C[C[C[C[C[C[C[C[C[C[K
[K[A[C[C[C[C[C[C[C[C[C[C[C[C[C[C[C[C[C[C[C[C[C[C[C[C[C[C[C[C[C[C[C[C[C[C[C[C[C[C[C[C[C[C[C[C[C[C[C[C[C[C[C[C[C[C[C[C[C[C[C[C[C[C[C[C[C[C[C[C[C[C[C[C[C[C[C[C[C[C[C[K[K[K[Kdu[Kir
cpuid.s  main.c  Makefile
alee889@g7-31:/import/linux/home1/alee889/i220b/submit/lab10/files/cpuid1$ makcd  [K[A[C[C[C[C[C[C[C[C[C[C[C[C[C[C[C[C[C[C[C[C[C[C[C[C[C[C[C[C[C[C[C[C[C[C[C[C[C[C[C[C[C[C[C[C[C[C[C[C[C[C[C[C[C[C[C[C[C[C[C[C[C[C[C[C[C[C[C[C[C[C[C[C[C[C[C[C[C[C[C[K
[K[A[C[C[C[C[C[C[C[C[C[C[C[C[C[C[C[C[C[C[C[C[C[C[C[C[C[C[C[C[C[C[C[C[C[C[C[C[C[C[C[C[C[C[C[C[C[C[C[C[C[C[C[C[C[C[C[C[C[C[C[C[C[C[C[C[C[C[C[C[C[C[C[C[C[C[C[C[C[C[C[K[K[K[Kcd cu [A[C[C[C[C[C[C[C[C[C[C[C[C[C[C[C[C[C[C[C[C[C[C[C[C[C[C[C[C[C[C[C[C[C[C[C[C[C[C[C[C[C[C[C[C[C[C[C[C[C[C[C[C[C[C[C[C[C[C[C[C[C[C[C[C[C[C[C[C[C[C[C[C[C[C[C[C[C[C[C[K
[K[A[C[C[C[C[C[C[C[C[C[C[C[C[C[C[C[C[C[C[C[C[C[C[C[C[C[C[C[C[C[C[C[C[C[C[C[C[C[C[C[C[C[C[C[C[C[C[C[C[C[C[C[C[C[C[C[C[C[C[C[C[C[C[C[C[C[C[C[C[C[C[C[C[C[C[C[C[C[C[Cp uid.s *[K&
[2] 26987
alee889@g7-31:/import/linux/home1/alee889/i220b/submit/lab10/files/cpuid1$ bash: cd: cpuid.s: Not a directory
cd cpuid.s &[K[K[K[K[K[K[K[A[C[C[C[C[C[C[C[C[C[C[C[C[C[C[C[C[C[C[C[C[C[C[C[C[C[C[C[C[C[C[C[C[C[C[C[C[C[C[C[C[C[C[C[C[C[C[C[C[C[C[C[C[C[C[C[C[C[C[C[C[C[C[C[C[C[C[C[C[C[C[C[C[C[C[C[C[C[C[C[K
[K[A[C[C[C[C[C[C[C[C[C[C[C[C[C[C[C[C[C[C[C[C[C[C[C[C[C[C[C[C[C[C[C[C[C[C[C[C[C[C[C[C[C[C[C[C[C[C[C[C[C[C[C[C[C[C[C[C[C[C[C[C[C[C[C[C[C[C[C[C[C[C[C[C[C[C[C[C[C[C[C[K[K[K[Kgedt[Kit  cpuid.s [K[K &
[3] 27065
[2]   Exit 1                  cd cpuid.s
alee889@g7-31:/import/linux/home1/alee889/i220b/submit/lab10/files/cpuid1$ dir
cpuid.s  main.c  Makefile
[3]+  Done                    gedit cpuid.
alee889@g7-31:/import/linux/home1/alee889/i220b/submit/lab10/files/cpuid1$ gedit  cpuid.s &
[2] 27097
alee889@g7-31:/import/linux/home1/alee889/i220b/submit/lab10/files/cpuid1$ 
(gedit:25034): Gtk-[1;33mWARNING[0m **: [34m15:22:16.287[0m: Calling org.xfce.Session.Manager.Inhibit failed: GDBus.Error:org.freedesktop.DBus.Error.UnknownMethod: Method "Inhibit" with signature "susu" on interface "org.xfce.Session.Manager" doesn't exist

make
cc -g -Wall -std=c11 -Og   -c -o main.o main.c
cc -c -g -Wall -std=c11 -Og cpuid.s -o cpuid.o
cc main.o cpuid.o -o cpuid
[2]+  Done                    gedit cpuid.s
alee889@g7-31:/import/linux/home1/alee889/i220b/submit/lab10/files/cpuid1$ ./cpu id 
cpuid: eax = 0xd; ebx = 0x756e6547; edx = 0x49656e69; ecx = 0x6c65746e
vendor: GenuineIntel
alee889@g7-31:/import/linux/home1/alee889/i220b/submit/lab10/files/cpuid1$ ./cpuid 
cpuid: eax = 0xd; ebx = 0x756e6547; edx = 0x49656e69; ecx = 0x6c65746e
vendor: GenuineIntel
alee889@g7-31:/import/linux/home1/alee889/i220b/submit/lab10/files/cpuid1$ ./cpuid [A[C[C[C[C[C[C[C[C[C[C[C[C[C[C[C[C[C[C[C[C[C[C[C[C[C[C[C[C[C[C[C[C[C[C[C[C[C[C[C[C[C[C[C[C[C[C[C[C[C[C[C[C[C[C[C[C[C[C[C[C[C[C[C[C[C[C[C[C[C[C[C[C[1Pmake
[K[A[C[C[C[C[C[C[C[C[C[C[C[C[C[C[C[C[C[C[C[C[C[C[C[C[C[C[C[C[C[C[C[C[C[C[C[C[C[C[C[C[C[C[C[C[C[C[C[C[C[C[C[C[C[C[C[C[C[C[C[C[C[C[C[C[C[C[C[C[C[C[C[C[C[C[C[C[C[C[Cgedit cpuid.s &
[2] 27525
alee889@g7-31:/import/linux/home1/alee889/i220b/submit/lab10/files/cpuid1$ cd./[K[K .. /g[Kcpuid2
[2]+  Done                    gedit cpuid.s  (wd: /import/linux/home1/alee889/i220b/submit/lab10/files/cpuid1)
(wd now: /import/linux/home1/alee889/i220b/submit/lab10/files/cpuid2)
alee889@g7-31:/import/linux/home1/alee889/i220b/submit/lab10/files/cpuid2$ clear [A[C[C[C[C[C[C[C[C[C[C[C[C[C[C[C[C[C[C[C[C[C[C[C[C[C[C[C[C[C[C[C[C[C[C[C[C[C[C[C[C[C[C[C[C[C[C[C[C[C[C[C[C[C[C[C[C[C[C[C[C[C[C[C[C[C[C[C[C[C[C[C[C[C[C[C[C[C[C[C[Kr
[H[2J[3Jalee889@g7-31:/import/linux/home1/alee889/i220b/submit/lab10/files/cpuid2$ gedit  main.c ^
alee889@g7-31:/import/linux/home1/alee889/i220b/submit/lab10/files/cpuid2$ make
cc -g -Wall -std=c11    -c -o main.o main.c
cc -c -g -Wall -std=c11  cpuid.s -o cpuid.o
cc main.o cpuid.o -o cpuid
[1]+  Done                    gedit lab10_output.txt  (wd: /import/linux/home1/alee889/i220b/submit/lab10/files)
(wd now: /import/linux/home1/alee889/i220b/submit/lab10/files/cpuid2)
alee889@g7-31:/import/linux/home1/alee889/i220b/submit/lab10/files/cpuid2$ dir
cpuid  cpuid.o	cpuid.s  main.c  main.o  Makefile
alee889@g7-31:/import/linux/home1/alee889/i220b/submit/lab10/files/cpuid2$ ,.[K[K,.[K[K./cu[Kpuid 
usage: ./cpuid CPUID_OP
alee889@g7-31:/import/linux/home1/alee889/i220b/submit/lab10/files/cpuid2$ ./cpuid +
Segmentation fault
alee889@g7-31:/import/linux/home1/alee889/i220b/submit/lab10/files/cpuid2$ clear [A[C[C[C[C[C[C[C[C[C[C[C[C[C[C[C[C[C[C[C[C[C[C[C[C[C[C[C[C[C[C[C[C[C[C[C[C[C[C[C[C[C[C[C[C[C[C[C[C[C[C[C[C[C[C[C[C[C[C[C[C[C[C[C[C[C[C[C[C[C[C[C[C[C[C[C[C[C[C[C[Kr
[H[2J[3Jalee889@g7-31:/import/linux/home1/alee889/i220b/submit/lab10/files/cpuid2$ git a dd .
alee889@g7-31:/import/linux/home1/alee889/i220b/submit/lab10/files/cpuid2$ git c ommit -am "lab10[K0 work"
[master 2676e23] lab10 work
 Committer: Alison Lee <alee889@cs.binghamton.edu>
Your name and email address were configured automatically based
on your username and hostname. Please check that they are accurate.
You can suppress this message by setting them explicitly. Run the
following command and follow the instructions in your editor to edit
your configuration file:

    git config --global --edit

After doing this, you may fix the identity used for this commit with:

    git commit --amend --reset-author

 5 files changed, 118 insertions(+), 1 deletion(-)
 create mode 100644 submit/lab10/files/cpuid2/.gitignore
 create mode 100644 submit/lab10/files/cpuid2/Makefile
 create mode 100644 submit/lab10/files/cpuid2/cpuid.s
 create mode 100644 submit/lab10/files/cpuid2/main.c
alee889@g7-31:/import/linux/home1/alee889/i220b/submit/lab10/files/cpuid2$ git p ush
Enumerating objects: 16, done.
Counting objects:   6% (1/16)   Counting objects:  12% (2/16)   Counting objects:  18% (3/16)   Counting objects:  25% (4/16)   Counting objects:  31% (5/16)   Counting objects:  37% (6/16)   Counting objects:  43% (7/16)   Counting objects:  50% (8/16)   Counting objects:  56% (9/16)   Counting objects:  62% (10/16)   Counting objects:  68% (11/16)   Counting objects:  75% (12/16)   Counting objects:  81% (13/16)   Counting objects:  87% (14/16)   Counting objects:  93% (15/16)   Counting objects: 100% (16/16)   Counting objects: 100% (16/16), done.
Delta compression using up to 8 threads
Compressing objects:  11% (1/9)   Compressing objects:  22% (2/9)   Compressing objects:  33% (3/9)   Compressing objects:  44% (4/9)   Compressing objects:  55% (5/9)   Compressing objects:  66% (6/9)   Compressing objects:  77% (7/9)   Compressing objects:  88% (8/9)   Compressing objects: 100% (9/9)   Compressing objects: 100% (9/9), done.
Writing objects:   8% (1/12)   Writing objects:  16% (2/12)   Writing objects:  25% (3/12)   Writing objects:  33% (4/12)   Writing objects:  41% (5/12)   Writing objects:  50% (6/12)   Writing objects:  58% (7/12)   Writing objects:  66% (8/12)   Writing objects:  75% (9/12)   Writing objects:  83% (10/12)   Writing objects:  91% (11/12)   Writing objects: 100% (12/12)   Writing objects: 100% (12/12), 3.17 KiB | 541.00 KiB/s, done.
Total 12 (delta 4), reused 0 (delta 0)
remote: Resolving deltas:   0% (0/4)[Kremote: Resolving deltas:  25% (1/4)[Kremote: Resolving deltas:  50% (2/4)[Kremote: Resolving deltas:  75% (3/4)[Kremote: Resolving deltas: 100% (4/4)[Kremote: Resolving deltas: 100% (4/4), completed with 4 local objects.[K
To github.com:alee023/i220b.git
   6863847..2676e23  master -> master
alee889@g7-31:/import/linux/home1/alee889/i220b/submit/lab10/files/cpuid2$ git s tatus
On branch master
Your branch is up to date with 'origin/master'.

Untracked files:
  (use "git add <file>..." to include in what will be committed)

	[31m../../Makefile[m
	[31m../cpuid1/[m
	[31m../lab10_output.txt[m
	[31m../parity/[m
	[31m../rip/[m
	[31m../rotate/[m
	[31m../rsp/[m
	[31m../../lab10.html[m
	[31m../../lab10.log[m
	[31m../../lab10.pdf[m
	[31m../../lab10.umt[m

nothing added to commit but untracked files present (use "git add" to track)
alee889@g7-31:/import/linux/home1/alee889/i220b/submit/lab10/files/cpuid2$ gut a [A[C[C[C[C[C[C[C[C[C[C[C[C[C[C[C[C[C[C[C[C[C[C[C[C[C[C[C[C[C[C[C[C[C[C[C[C[C[C[C[C[C[C[C[C[C[C[C[C[C[C[C[C[C[C[C[C[C[C[C[C[C[C[C[C[C[C[C[C[C[C[C[C[C[C[C[C[C[C[C[K
[K[A[C[C[C[C[C[C[C[C[C[C[C[C[C[C[C[C[C[C[C[C[C[C[C[C[C[C[C[C[C[C[C[C[CScript started on 2019-10-24 21:16:19-04:00 [TERM="xterm" TTY="/dev/pts/16" COLUMNS="80" LINES="24"]
alee889@remote01:~/i220b/submit/lab10$ cd par[K[K[Kfiles/parity/
alee889@remote01:~/i220b/submit/lab10/files/parity$ gedit parity.s &
[1] 13729
alee889@remote01:~/i220b/submit/lab10/files/parity$ Unable to init server: Could not connect: Connection refused

(gedit:13729): Gtk-[1;33mWARNING[0m **: [34m21:16:56.774[0m: cannot open display: 

[1]+  Exit 1                  gedit parity.s
alee889@remote01:~/i220b/submit/lab10/files/parity$ cat [K[K[K[Knano[K[K[K[Kno[Kano parity.s 
[?1049h[22;0;0t[1;24r(B[m[4l[?7h[39;49m[?1h=[?1h=[?1h=[?25l[39;49m(B[m[H[2J[22;33H(B[0;7m[ Reading File ](B[m[22;39H(B[0;7m 8 lines ](B[m[H(B[0;7m  GNU nano 3.2                        parity.s                                  [1;79H(B[m[23d(B[0;7m^G(B[m Get Help  (B[0;7m^O(B[m Write Out (B[0;7m^W(B[m Where Is  (B[0;7m^K(B[m Cut Text  (B[0;7m^J(B[m Justify   (B[0;7m^C(B[m Cur Pos[24d(B[0;7m^X(B[m Exit[14G(B[0;7m^R(B[m Read File (B[0;7m^\(B[m Replace   (B[0;7m^U(B[m Uncut Text(B[0;7m^T(B[m To Spell  (B[0;7m^_(B[m Go To Line[22d[3;9H(B[0;1m[32m.text[4;9H(B[0m[32m.globl[39m(B[m get_parity[5d#edi contains n[42m [6d(B[0;1m[31mget_parity:[8;9H[39m(B[m#@[31mTODO[39m(B[m: add code here to set eax to 1 iff edi has even parity[9;9Hret[10;8H[42m[1K[3d[49m(B[m[?12l[?25h[?25l[1;71H(B[0;7mModified(B[m7[2;21r8[2dM[1;24r[4;1H[?12l[?25h[?25l[2;21r[21;1H
[1;24r[3;1H[?12l[?25h[?25l[?12l[?25h[?25l[4d[?12l[?25h[?25l[5d[?12l[?25h[?25l[6d[?12l[?25h[?25l[7d[?12l[?25h[?25l[8d[?12l[?25h[?25l[9d[?12l[?25h[?25l[10d[?12l[?25h[?25l[11d[?12l[?25h[?25l[?12l[?25h[?25l[?12l[?25h[?25l[?12l[?25h[?25l[A[?12l[?25h[?25l[A[?12l[?25h[?25l[9;9H[?12l[?25h[?25l[42m[1K [49m(B[m[K[10dret[K[11;8H[42m[1K[A[49m(B[m[?12l[?25h[?25l[8G[1K ret[?12l[?25h[?25l[A[?12l[?25h[?25l[16G[42m[1K [49m(B[m[?12l[?25h[?25l[10;12H[?12l[?25h[?25l[?12l[?25h[?25l[?12l[?25h[?25l[?12l[?25h[?25l[16G[1K ret[22d[K[10;17H[?12l[?25h[?25l[A[?12l[?25h[?25l[1K t[?12l[?25h[?25le[?12l[?25h[?25ls[?12l[?25h[?25lt[?12l[?25h[?25l[42m [49m(B[m[?12l[?25h[?25l 1[?12l[?25h[?25l[42m [49m(B[m[?12l[?25h[?25l %[?12l[?25h[?25le[?12l[?25h[?25la[?12l[?25h[?25lx[?12l[?25h[?25l,[?12l[?25h[?25l[42m [49m(B[m[?12l[?25h[?25l %[?12l[?25h[?25le[?12l[?25h[?25la[?12l[?25h[?25lx[?12l[?25h[?25l7[10;22r8[10dM[1;24r[10;1H[?12l[?25h[?25l[8G[42m[1K [49m(B[m[?12l[?25h[?25l[16G[42m[1K [49m(B[m[?12l[?25h[?25l[1K j[?12l[?25h[?25lp[?12l[?25h[?25le[?12l[?25h[?25l[42m [49m(B[m[?12l[?25h[?25l f[?12l[?25h[?25li[?12l[?25h[?25lx[?12l[?25h[?25l_[?12l[?25h[?25la[?12l[?25h[?25ln[?12l[?25h[?25ls[?12l[?25h[?25lw[?12l[?25h[?25le[?12l[?25h[?25lr[?12l[?25h[?25l7[11;22r8[11dM[1;24r[11;1H[?12l[?25h[?25l[8G[42m[1K [49m(B[m[?12l[?25h[?25l[16G[42m[1K [49m(B[m[?12l[?25h[?25l[1K m[?12l[?25h[?25lo[?12l[?25h[?25lv[?12l[?25h[?25le[?12l[?25h[?25l[42m [49m(B[m[?12l[?25h[?25l [?12l[?25h[?25l1[?12l[?25h[?25l [?12l[?25h[?25l [?12l[?25h[?25l1[?12l[?25h[?25l[42m [49m(B[m[?12l[?25h[?25l $[?12l[?25h[?25l0[?12l[?25h[?25l,[?12l[?25h[?25l[42m [49m(B[m[?12l[?25h[?25l %[?12l[?25h[?25le[?12l[?25h[?25la[?12l[?25h[?25lx[?12l[?25h[?25l[12;20H[?12l[?25h[?25l [?12l[?25h[?25l [?12l[?25h[?25l[42m[1K [49m(B[m [?12l[?25h[?25l[A[?12l[?25h[?25l[A[?12l[?25h[?25lj[?12l[?25h[?25lp[?12l[?25h[?25le[?12l[?25h[?25l [?12l[?25h[?25lf[?12l[?25h[?25li[?12l[?25h[?25lx[?12l[?25h[?25l_[?12l[?25h[?25la[?12l[?25h[?25ln[?12l[?25h[?25ls[?12l[?25h[?25lw[?12l[?25h[?25le[?12l[?25h[?25lr[?12l[?25h[?25l [?12l[?25h[?25l [?12l[?25h[?25l [?12l[?25h[?25l [?12l[?25h[?25l [?12l[?25h[?25l [?12l[?25h[?25l [?12l[?25h[?25l [?12l[?25h[?25l [?12l[?25h[?25l[42m [49m(B[m[K[?12l[?25h[?25l[42m [49m(B[m[?12l[?25h[?25l  e[?12l[?25h[?25lv[?12l[?25h[?25le[?12l[?25h[?25l [?12l[?25h[?25l [?12l[?25h[?25l[42m  [49m(B[m[K[?12l[?25h[?25l [?12l[?25h[?25l e[?12l[?25h[?25lv[?12l[?25h[?25le[?12l[?25h[?25ln[?12l[?25h[?25l[11d[?12l[?25h[?25l[12;17H[?12l[?25h[?25l[11;25H[?12l[?25h[?25l[A[?12l[?25h[?25l[A[?12l[?25h[?25l[?12l[?25h[?25l[?12l[?25h[?25l[?12l[?25h[?25l[?12l[?25h[?25l[?12l[?25h[?25l[?12l[?25h[?25l[?12l[?25h[?25l[?12l[?25h[?25l[8P[9;9H[?12l[?25h[?25l[10d[?12l[?25h[?25l[10;17H[?12l[?25h[?25l[8P[10;9H[?12l[?25h[?25l[11d[?12l[?25h[?25l[11;17H[?12l[?25h[?25l[8P[11;9H[?12l[?25h[?25l[12d[?12l[?25h[?25l[K[14d[42m[1K[A[49m(B[m[?12l[?25h[?25le[?12l[?25h[?25lv[?12l[?25h[?25le[?12l[?25h[?25ln[?12l[?25h[?25l[42m [49m(B[m[?12l[?25h[?25l[42m [49m(B[m[?12l[?25h[?25l[42m [49m(B[m[?12l[?25h[?25l[8G[42m[1K[49m(B[m[?12l[?25h[?25l[13;16H[42m[1K[9G[49m(B[m[?12l[?25h[?25l[1K e[?12l[?25h[?25lv[?12l[?25h[?25le[?12l[?25h[?25ln[?12l[?25h[?25l[8G(B[0;1m[31m[1K even:[39m(B[m[?12l[?25h[?25l[C[?12l[?25h[?25l[K[15;8H[42m[1K[A[49m(B[m[?12l[?25h[?25l[14;16H[42m[1K[9G[49m(B[m[?12l[?25h[?25l[1K r[?12l[?25h[?25le[?12l[?25h[?25l[42m [49m(B[m[?12l[?25h[?25l[16G[42m[1K[9G[49m(B[m[?12l[?25h[?25l[14;24H[42m[1K[17G[49m(B[m[?12l[?25h[?25l[K[14;9H[?12l[?25h[?25l[K[?12l[?25h[?25l[A[?12l[?25h[?25l[13;9H[?12l[?25h[?25l[8P[?12l[?25h[?25l[14d[?12l[?25h[?25l[14;16H[42m[1K[9G[49m(B[m[?12l[?25h[?25l[K[?12l[?25h[?25lr[?12l[?25h[?25le[?12l[?25h[?25l[42m [49m(B[m[?12l[?25h[?25l[8G[42m[1K[49m(B[m[?12l[?25h[?25l[14;16H[42m[1K[9G[49m(B[m[?12l[?25h[?25l[1K r[?12l[?25h[?25le[?12l[?25h[?25lt[?12l[?25h[?25l[C[?12l[?25h[?25l[?12l[?25h[?25l[K[16;8H[42m[1K[A[49m(B[m[?12l[?25h[?25l[14;12H[42m     [16d[49m(B[m[K[14;12H[?12l[?25h[?25l[42m [49m(B[m[?12l[?25h[?25l[42m [49m(B[m[?12l[?25h[?25l[16G[42m[1K[9G[49m(B[m[?12l[?25h[?25l[1K m[?12l[?25h[?25lo[?12l[?25h[?25lv[?12l[?25h[?25l1[?12l[?25h[?25l[C[?12l[?25h[?25l $[?12l[?25h[?25l1[?12l[?25h[?25l,[42m        [14;17H[49m(B[m[?12l[?25h[?25l[C[?12l[?25h[?25l %[?12l[?25h[?25le[?12l[?25h[?25la[?12l[?25h[?25lx[?12l[?25h[?25l[K[16;8H[42m[1K[A[49m(B[m[?12l[?25h[?25l[K[17;8H[42m[1K[A[49m(B[m[?12l[?25h[?25l[15;8H[42m[1K[17d[49m(B[m[K[15d[?12l[?25h[?25l[14;22H[42m   [16d[49m(B[m[K[14;22H[?12l[?25h[?25l[K[16;8H[42m[1K[A[49m(B[m[?12l[?25h[?25lj[?12l[?25h[?25l[8G[42m[1K[49m(B[m[?12l[?25h[?25l[15;16H[42m[1K[9G[49m(B[m[?12l[?25h[?25l[1K j[?12l[?25h[?25lm[?12l[?25h[?25lp[?12l[?25h[?25l[C[?12l[?25h[?25l r[?12l[?25h[?25le[?12l[?25h[?25lt[?12l[?25h[?25lu[42m        [15;17H[49m(B[m[?12l[?25h[?25lr[?12l[?25h[?25ln[?12l[?25h[?25l_[?12l[?25h[?25la[?12l[?25h[?25ln[?12l[?25h[?25ls[?12l[?25h[?25lw[?12l[?25h[?25le[42m        [15;25H[49m(B[m[?12l[?25h[?25lr[?12l[?25h[?25l[K[17;8H[42m[1K[A[49m(B[m[?12l[?25h[?25l[K[18;8H[42m[1K[A[49m(B[m[?12l[?25h[?25lr[?12l[?25h[?25le[?12l[?25h[?25lt[?12l[?25h[?25lu[?12l[?25h[?25lr[?12l[?25h[?25ln[?12l[?25h[?25l_[?12l[?25h[?25la[42m        [17;9H[49m(B[m[?12l[?25h[?25ln[?12l[?25h[?25ls[?12l[?25h[?25lw[?12l[?25h[?25le[?12l[?25h[?25lr[?12l[?25h[?25l(B[0;1m[31mreturn_answer:[39m(B[m[?12l[?25h[?25l[C[?12l[?25h[?25l r[42m        [17;17H[49m(B[m[?12l[?25h[?25le[?12l[?25h[?25l[42m [49m(B[m[?12l[?25h[?25l[42m  [49m(B[m[K[?12l[?25h[?25l [19;8H[42m[1K[A[49m(B[m[?12l[?25h[?25l[18;16H[42m[1K[9G[49m(B[m[?12l[?25h[?25l[1K r[?12l[?25h[?25le[?12l[?25h[?25lt[?12l[?25h[?25l[22d(B[0;7mSave modified buffer?  (Answering "No" will DISCARD changes.)                   [23;1H Y(B[m Yes[K[24d(B[0;7m N(B[m No  [14G   (B[0;7m^C(B[m Cancel[K[22;63H[?12l[?25h[?25l[23d(B[0;7m^G(B[m Get Help[23;21H(B[0;7mM-D(B[m DOS Format[41G(B[0;7mM-A(B[m Append[23;61H(B[0;7mM-B(B[m Backup File[24d(B[0;7m^C(B[m Cancel[17G    (B[0;7mM-M(B[m Mac Format[41G(B[0;7mM-P(B[m Prepend[24;61H(B[0;7m^T(B[m To Files[22d(B[0;7mFile Name to Write: parity.s                                 (B[m[22;29H[?12l[?25h[?25l[K[1;79H[1;71H(B[0;7m        (B[m[22;32H(B[0;7m[ Wrote 17 lines ](B[m[J[24;80H[?12l[?25h[24;1H[?1049l[23;0;0t[?1l>alee889@remote01:~/i220b/submit/lab10/files/parity$ make
cc -g -Wall -std=c11 -Og   -c -o main.o main.c
cc -c -g -Wall -std=c11 -Og parity.s -o parity.o
parity.s: Assembler messages:
parity.s:9: Error: no such instruction: `mov1 $0,%eax'
parity.s:12: Error: no such instruction: `mov1 $1,%eax'
parity.s:7: Error: invalid operands (*ABS* and *UND* sections) for `%'
make: *** [Makefile:9: parity.o] Error 1
alee889@remote01:~/i220b/submit/lab10/files/parity$ makenano parity.s 
[?1049h[22;0;0t[1;24r(B[m[4l[?7h[39;49m[?1h=[?1h=[?1h=[?25l[39;49m(B[m[H[2J[22;33H(B[0;7m[ Reading File ](B[m[22;32H(B[0;7m[ Read 17 lines ](B[m[H(B[0;7m  GNU nano 3.2                        parity.s                                  [1;79H(B[m[23d(B[0;7m^G(B[m Get Help  (B[0;7m^O(B[m Write Out (B[0;7m^W(B[m Where Is  (B[0;7m^K(B[m Cut Text  (B[0;7m^J(B[m Justify   (B[0;7m^C(B[m Cur Pos[24d(B[0;7m^X(B[m Exit[14G(B[0;7m^R(B[m Read File (B[0;7m^\(B[m Replace   (B[0;7m^U(B[m Uncut Text(B[0;7m^T(B[m To Spell  (B[0;7m^_(B[m Go To Line[22d[3;9H(B[0;1m[32m.text[4;9H(B[0m[32m.globl[39m(B[m get_parity[5d#edi contains n[42m [6d(B[0;1m[31mget_parity:[8;9H[39m(B[m#@[31mTODO[39m(B[m: add code here to set eax to 1 iff edi has even parity[9;9Htest 1 %eax, %eax[10;9Hjpe even[11;9Hmov1 $0, %eax[12;8H[42m[1K[13d(B[0;1m[31meven:(B[0m[42m [14;9H[49m(B[mmov1 $1, %eax[15;9Hjmp return_answer[17d(B[0;1m[31mreturn_answer:(B[0m[42m [18;9H[49m(B[mret[42m     [19;8H[1K[3d[49m(B[m[?12l[?25h[?25l[?12l[?25h[?25l[?12l[?25h[?25l[4d[?12l[?25h[?25l[5d[?12l[?25h[?25l[6d[?12l[?25h[?25l[7d[?12l[?25h[?25l[8d[?12l[?25h[?25l[9d[?12l[?25h[?25l[10d[?12l[?25h[?25l[11d[?12l[?25h[?25l[12d[?12l[?25h[?25l[12;9H[?12l[?25h[?25l[A[?12l[?25h[?25l[A[?12l[?25h[?25l[A[?12l[?25h[?25lt[?12l[?25h[?25le[?12l[?25h[?25ls[?12l[?25h[?25lt[?12l[?25h[?25l [?12l[?25h[?25l[1;71H(B[0;7mModified(B[m[9;14H\1 %eax, %eax[9;15H[?12l[?25h[?25l[1P[?12l[?25h[?25l[1P[?12l[?25h[?25l[?12l[?25h[?25l[22d(B[0;7mSave modified buffer?  (Answering "No" will DISCARD changes.)                   [23;1H Y(B[m Yes[K[24d(B[0;7m N(B[m No  [14G   (B[0;7m^C(B[m Cancel[K[22;63H[?12l[?25h[?25l[23d(B[0;7m^G(B[m Get Help[23;21H(B[0;7mM-D(B[m DOS Format[41G(B[0;7mM-A(B[m Append[23;61H(B[0;7mM-B(B[m Backup File[24d(B[0;7m^C(B[m Cancel[17G    (B[0;7mM-M(B[m Mac Format[41G(B[0;7mM-P(B[m Prepend[24;61H(B[0;7m^T(B[m To Files[22d(B[0;7mFile Name to Write: parity.s                                 (B[m[22;29H[?12l[?25h[?25l[K[1;79H[1;71H(B[0;7m        (B[m[22;32H(B[0;7m[ Wrote 17 lines ](B[m[J[24;80H[?12l[?25h[24;1H[?1049l[23;0;0t[?1l>alee889@remote01:~/i220b/submit/lab10/files/parity$ nano parity.s make[K
cc -c -g -Wall -std=c11 -Og parity.s -o parity.o
parity.s: Assembler messages:
parity.s:7: Error: no such instruction: `test1 %eax,%eax'
parity.s:9: Error: no such instruction: `mov1 $0,%eax'
parity.s:12: Error: no such instruction: `mov1 $1,%eax'
make: *** [Makefile:9: parity.o] Error 1
alee889@remote01:~/i220b/submit/lab10/files/parity$ makenano parity.s 
[?1049h[22;0;0t[1;24r(B[m[4l[?7h[39;49m[?1h=[?1h=[?1h=[?25l[39;49m(B[m[H[2J[22;33H(B[0;7m[ Reading File ](B[m[22;32H(B[0;7m[ Read 17 lines ](B[m[H(B[0;7m  GNU nano 3.2                        parity.s                                  [1;79H(B[m[23d(B[0;7m^G(B[m Get Help  (B[0;7m^O(B[m Write Out (B[0;7m^W(B[m Where Is  (B[0;7m^K(B[m Cut Text  (B[0;7m^J(B[m Justify   (B[0;7m^C(B[m Cur Pos[24d(B[0;7m^X(B[m Exit[14G(B[0;7m^R(B[m Read File (B[0;7m^\(B[m Replace   (B[0;7m^U(B[m Uncut Text(B[0;7m^T(B[m To Spell  (B[0;7m^_(B[m Go To Line[22d[3;9H(B[0;1m[32m.text[4;9H(B[0m[32m.globl[39m(B[m get_parity[5d#edi contains n[42m [6d(B[0;1m[31mget_parity:[8;9H[39m(B[m#@[31mTODO[39m(B[m: add code here to set eax to 1 iff edi has even parity[9;9Htest1 %eax, %eax[10;9Hjpe even[11;9Hmov1 $0, %eax[12;8H[42m[1K[13d(B[0;1m[31meven:(B[0m[42m [14;9H[49m(B[mmov1 $1, %eax[15;9Hjmp return_answer[17d(B[0;1m[31mreturn_answer:(B[0m[42m [18;9H[49m(B[mret[42m     [19;8H[1K[3d[49m(B[m[?12l[?25h[?25l[?12l[?25h[?25l[4d[?12l[?25h[?25l[5d[?12l[?25h[?25l[6d[?12l[?25h[?25l[7d[?12l[?25h[?25l[8d[?12l[?25h[?25l[9d[?12l[?25h[?25l[10d[?12l[?25h[?25l[11d[?12l[?25h[?25l[A[?12l[?25h[?25l[A[?12l[?25h[?25l[A[?12l[?25h[?25l[8;9H[?12l[?25h[?25l[9d[?12l[?25h[?25lt[?12l[?25h[?25le[?12l[?25h[?25ls[?12l[?25h[?25lt[?12l[?25h[?25l1[?12l[?25h[?25l[1;71H(B[0;7mModified(B[m[9;13H[1P[?12l[?25h[?25l1 %eax, %eax[9;14H[?12l[?25h[?25l[1P[?12l[?25h[?25ll %eax, %eax[9;14H[?12l[?25h[?25l[10d[?12l[?25h[?25l[11d[?12l[?25h[?25l[22d[K[11;13H[?12l[?25h[?25l[1P[?12l[?25h[?25l1 $0, %eax[11;13H[?12l[?25h[?25l[A[?12l[?25h[?25l[A[?12l[?25h[?25ll[?12l[?25h[?25l[1P[?12l[?25h[?25l1 %eax, %eax[9;14H[?12l[?25h[?25l[10d[?12l[?25h[?25l[11d[?12l[?25h[?25l[12;9H[?12l[?25h[?25l[13d[?12l[?25h[?25l[14;14H[?12l[?25h[?25l[?12l[?25h[?25l[1P[?12l[?25h[?25l1 $1, %eax[14;13H[?12l[?25h[?25l[22d(B[0;7mSave modified buffer?  (Answering "No" will DISCARD changes.)                   [23;1H Y(B[m Yes[K[24d(B[0;7m N(B[m No  [14G   (B[0;7m^C(B[m Cancel[K[22;63H[?12l[?25h[?25l[23d(B[0;7m^G(B[m Get Help[23;21H(B[0;7mM-D(B[m DOS Format[41G(B[0;7mM-A(B[m Append[23;61H(B[0;7mM-B(B[m Backup File[24d(B[0;7m^C(B[m Cancel[17G    (B[0;7mM-M(B[m Mac Format[41G(B[0;7mM-P(B[m Prepend[24;61H(B[0;7m^T(B[m To Files[22d(B[0;7mFile Name to Write: parity.s                                 (B[m[22;29H[?12l[?25h[?25l[K[1;79H[1;71H(B[0;7m        (B[m[22;32H(B[0;7m[ Wrote 17 lines ](B[m[J[24;80H[?12l[?25h[24;1H[?1049l[23;0;0t[?1l>alee889@remote01:~/i220b/submit/lab10/files/parity$ nano parity.s make[K
cc -c -g -Wall -std=c11 -Og parity.s -o parity.o
parity.s: Assembler messages:
parity.s:7: Error: no such instruction: `test1 %eax,%eax'
parity.s:9: Error: no such instruction: `mov1 $0,%eax'
parity.s:12: Error: no such instruction: `mov1 $1,%eax'
make: *** [Makefile:9: parity.o] Error 1
alee889@remote01:~/i220b/submit/lab10/files/parity$ makenano parity.s 
[?1049h[22;0;0t[1;24r(B[m[4l[?7h[39;49m[?1h=[?1h=[?1h=[?25l[39;49m(B[m[H[2J[22;33H(B[0;7m[ Reading File ](B[m[22;32H(B[0;7m[ Read 17 lines ](B[m[H(B[0;7m  GNU nano 3.2                        parity.s                                  [1;79H(B[m[23d(B[0;7m^G(B[m Get Help  (B[0;7m^O(B[m Write Out (B[0;7m^W(B[m Where Is  (B[0;7m^K(B[m Cut Text  (B[0;7m^J(B[m Justify   (B[0;7m^C(B[m Cur Pos[24d(B[0;7m^X(B[m Exit[14G(B[0;7m^R(B[m Read File (B[0;7m^\(B[m Replace   (B[0;7m^U(B[m Uncut Text(B[0;7m^T(B[m To Spell  (B[0;7m^_(B[m Go To Line[22d[3;9H(B[0;1m[32m.text[4;9H(B[0m[32m.globl[39m(B[m get_parity[5d#edi contains n[42m [6d(B[0;1m[31mget_parity:[8;9H[39m(B[m#@[31mTODO[39m(B[m: add code here to set eax to 1 iff edi has even parity[9;9Htest1 %eax, %eax[10;9Hjpe even[11;9Hmov1 $0, %eax[12;8H[42m[1K[13d(B[0;1m[31meven:(B[0m[42m [14;9H[49m(B[mmov1 $1, %eax[15;9Hjmp return_answer[17d(B[0;1m[31mreturn_answer:(B[0m[42m [18;9H[49m(B[mret[42m     [19;8H[1K[3d[49m(B[m[?12l[?25h[?25l[4d[?12l[?25h[?25l[5d[?12l[?25h[?25l[6d[?12l[?25h[?25l[7d[?12l[?25h[?25l[8d[?12l[?25h[?25l[9d[?12l[?25h[?25l[9;9H[?12l[?25h[?25lt[?12l[?25h[?25le[?12l[?25h[?25ls[?12l[?25h[?25lt[?12l[?25h[?25l1[?12l[?25h[?25l[1;71H(B[0;7mModified(B[m[9;13H[1P[?12l[?25h[?25ll %eax, %eax[9;14H[?12l[?25h[?25l[10d[?12l[?25h[?25l[11d[?12l[?25h[?25l[?12l[?25h[?25l[1P[?12l[?25h[?25ll $0, %eax[11;13H[?12l[?25h[?25l[12;9H[?12l[?25h[?25l[13d[?12l[?25h[?25l[14;13H[?12l[?25h[?25l[1P[?12l[?25h[?25ll $1, %eax[14;13H[?12l[?25h[?25l[22d(B[0;7mSave modified buffer?  (Answering "No" will DISCARD changes.)                   [23;1H Y(B[m Yes[K[24d(B[0;7m N(B[m No  [14G   (B[0;7m^C(B[m Cancel[K[22;63H[?12l[?25h[?25l[23d(B[0;7m^G(B[m Get Help[23;21H(B[0;7mM-D(B[m DOS Format[41G(B[0;7mM-A(B[m Append[23;61H(B[0;7mM-B(B[m Backup File[24d(B[0;7m^C(B[m Cancel[17G    (B[0;7mM-M(B[m Mac Format[41G(B[0;7mM-P(B[m Prepend[24;61H(B[0;7m^T(B[m To Files[22d(B[0;7mFile Name to Write: parity.s                                 (B[m[22;29H[?12l[?25h[?25l[K[1;79H[1;71H(B[0;7m        (B[m[22;32H(B[0;7m[ Wrote 17 lines ](B[m[J[24;80H[?12l[?25h[24;1H[?1049l[23;0;0t[?1l>alee889@remote01:~/i220b/submit/lab10/files/parity$ nano parity.s make[K
cc -c -g -Wall -std=c11 -Og parity.s -o parity.o
cc main.o parity.o -o parity
alee889@remote01:~/i220b/submit/lab10/files/parity$ clear
[H[2J[3Jalee889@remote01:~/i220b/submit/lab10/files/parity$ ls
main.c	main.o	Makefile  parity  parity.o  parity.s
alee889@remote01:~/i220b/submit/lab10/files/parity$ ./party 1 2 3 4 5 6 7 15 21
bash: ./party: No such file or directory
alee889@remote01:~/i220b/submit/lab10/files/parity$ ./party 1 2 3 4 5 6 7 15 21ity 1 2 3 4 5 6 7 15 21 [A[C[C[C[C[C[C[C[C[C[C[C[C[C[C[C[C[C[C[C[C[C[C[C[C[C[C[C[C[C[C[C[C[C[C[C[C[C[C[C[C[C[C[C[C[C[C[C[C[C[C[C[C[C[C[C[C[C
parity(1) = 1
parity(2) = 1
parity(3) = 1
parity(4) = 1
parity(5) = 1
parity(6) = 1
parity(7) = 1
parity(15) = 1
parity(21) = 1
alee889@remote01:~/i220b/submit/lab10/files/parity$ ./parity 1 2 3 4 5 6 7 15 21 [A[C[C[C[C[C[C[C[C[C[C[C[C[C[C[C[C[C[C[C[C[C[C[C[C[C[C[C[C[C[C[C[C[C[C[C[C[C[C[C[C[C[C[C[C[C[C[C[C[C[C[C[C[C[C[C[C[C[1P
[K[A[C[C[C[C[C[C[C[C[C[C[C[C[C[C[C[C[C[C[C[C[C[C[C[C[C[C[C[C[C[C[C[C[C[C[C[C[C[C[C[C[C[C[C[C[C[C[C[C[C[C[C[C[C[C[C[C[C[C[C[C[C[C[C[C[C[C[C[C[C[C[C[C[C[C[C[C[C[C[Cls[Kclear[1Pmakenano parity.s 
[?1049h[22;0;0t[1;24r(B[m[4l[?7h[39;49m[?1h=[?1h=[?1h=[?25l[39;49m(B[m[H[2J[22;33H(B[0;7m[ Reading File ](B[m[22;32H(B[0;7m[ Read 17 lines ](B[m[H(B[0;7m  GNU nano 3.2                        parity.s                                  [1;79H(B[m[23d(B[0;7m^G(B[m Get Help  (B[0;7m^O(B[m Write Out (B[0;7m^W(B[m Where Is  (B[0;7m^K(B[m Cut Text  (B[0;7m^J(B[m Justify   (B[0;7m^C(B[m Cur Pos[24d(B[0;7m^X(B[m Exit[14G(B[0;7m^R(B[m Read File (B[0;7m^\(B[m Replace   (B[0;7m^U(B[m Uncut Text(B[0;7m^T(B[m To Spell  (B[0;7m^_(B[m Go To Line[22d[3;9H(B[0;1m[32m.text[4;9H(B[0m[32m.globl[39m(B[m get_parity[5d#edi contains n[42m [6d(B[0;1m[31mget_parity:[8;9H[39m(B[m#@[31mTODO[39m(B[m: add code here to set eax to 1 iff edi has even parity[9;9Htestl %eax, %eax[10;9Hjpe even[11;9Hmovl $0, %eax[12;8H[42m[1K[13d(B[0;1m[31meven:(B[0m[42m [14;9H[49m(B[mmovl $1, %eax[15;9Hjmp return_answer[17d(B[0;1m[31mreturn_answer:(B[0m[42m [18;9H[49m(B[mret[42m     [19;8H[1K[3d[49m(B[m[?12l[?25h[?25l[4d[?12l[?25h[?25l[5d[?12l[?25h[?25l[6d[?12l[?25h[?25l[7d[?12l[?25h[?25l[8d[?12l[?25h[?25l[9d[?12l[?25h[?25l[10d[?12l[?25h[?25l[11d[?12l[?25h[?25l[12d[?12l[?25h[?25l[13d[?12l[?25h[?25l[A[?12l[?25h[?25l[A[?12l[?25h[?25l[12d[?12l[?25h[?25l[11;22H[?12l[?25h[?25l[1;71H(B[0;7mModified(B[m[12;21r[12;1HM[1;24r[12;1H[?12l[?25h[?25l[8G[42m[1K [49m(B[m[?12l[?25h[?25l[1K j[?12l[?25h[?25lm[?12l[?25h[?25lp[?12l[?25h[?25l[42m [49m(B[m[?12l[?25h[?25l r[?12l[?25h[?25le[?12l[?25h[?25lt[?12l[?25h[?25lu[?12l[?25h[?25lr[?12l[?25h[?25ln[22d[K[12;19H[?12l[?25h[?25l_[?12l[?25h[?25la[?12l[?25h[?25ln[?12l[?25h[?25ls[?12l[?25h[?25lw[?12l[?25h[?25le[?12l[?25h[?25lr[?12l[?25h[?25l[22d(B[0;7mSave modified buffer?  (Answering "No" will DISCARD changes.)                   [23;1H Y(B[m Yes[K[24d(B[0;7m N(B[m No  [14G   (B[0;7m^C(B[m Cancel[K[22;63H[?12l[?25h[?25l[?12l[?25h[?25l[23d(B[0;7m^G(B[m Get Help[23;21H(B[0;7mM-D(B[m DOS Format[41G(B[0;7mM-A(B[m Append[23;61H(B[0;7mM-B(B[m Backup File[24d(B[0;7m^C(B[m Cancel[17G    (B[0;7mM-M(B[m Mac Format[41G(B[0;7mM-P(B[m Prepend[24;61H(B[0;7m^T(B[m To Files[22d(B[0;7mFile Name to Write: parity.s                                 (B[m[22;29H[?12l[?25h[?25l[K[1;79H[1;71H(B[0;7m        (B[m[22;32H(B[0;7m[ Wrote 18 lines ](B[m[J[24;80H[?12l[?25h[24;1H[?1049l[23;0;0t[?1l>alee889@remote01:~/i220b/submit/lab10/files/parity$ nano parity.s ./parity 1 2 3 4 5 6 7 15 21 [A[C[C[C[C[C[C[C[C[C[C[C[C[C[C[C[C[C[C[C[C[C[C[C[C[C[C[C[C[C[C[C[C[C[C[C[C[C[C[C[C[C[C[C[C[C[C[C[C[C[C[C[C[C[C[C[C[C[1P
[K[A[C[C[C[C[C[C[C[C[C[C[C[C[C[C[C[C[C[C[C[C[C[C[C[C[C[C[C[C[C[C[C[C[C[C[C[C[C[C[C[C[C[C[C[C[C[C[C[C[C[C[C[C[C[C[C[C[C[C[C[C[C[C[C[C[C[C[C[C[C[C[C[C[C[C[C[C[C[C[Cls[Kclear[1Pmake
cc -c -g -Wall -std=c11 -Og parity.s -o parity.o
cc main.o parity.o -o parity
alee889@remote01:~/i220b/submit/lab10/files/parity$ make[Kmakenano parity.s ./parity 1 2 3 4 5 6 7 15 21 [A[C[C[C[C[C[C[C[C[C[C[C[C[C[C[C[C[C[C[C[C[C[C[C[C[C[C[C[C[C[C[C[C[C[C[C[C[C[C[C[C[C[C[C[C[C[C[C[C[C[C[C[C[C[C[C[C[C[C[C[C[C[C[C[C[C[C[C[C[C[C[C[C[C[C[C[C[C[C[C[K1
parity(1) = 0
parity(2) = 0
parity(3) = 1
parity(4) = 0
parity(5) = 1
parity(6) = 1
parity(7) = 0
parity(15) = 1
parity(21) = 0
alee889@remote01:~/i220b/submit/lab10/files/parity$ ./party[K[Kity 01 [K[K[K-1 0 -2
parity(-1) = 1
parity(0) = 1
parity(-2) = 0
alee889@remote01:~/i220b/submit/lab10/files/parity$ cd ../rip
alee889@remote01:~/i220b/submit/lab10/files/rip$ nano ric[K[K[K[K[K[K[K[Kn[Kcat rip.c 
#include <stdio.h>

/** Return instruction pointer for return */
static void *
get_rip(void)
{
  void *rip;
  __asm__("leaq (%%rip), %0": "=r"(rip));
  return rip;
}

int main() {
  printf("&get_rip() = %p; rip = %p\n", get_rip, get_rip());
  return 0;
}
alee889@remote01:~/i220b/submit/lab10/files/rip$ make
cc -Wall -Og -std=c11 -S rip.c
cc -Wall -Og -std=c11    rip.c   -o rip
objdump -d rip > rip.dump
alee889@remote01:~/i220b/submit/lab10/files/rip$ ./rip
&get_rip() = 0x5654d803f135; rip = 0x5654d803f13c
alee889@remote01:~/i220b/submit/lab10/files/rip$ dir
Makefile  rip  rip.c  rip.dump	rip.s
alee889@remote01:~/i220b/submit/lab10/files/rip$ cat rip.dump 

rip:     file format elf64-x86-64


Disassembly of section .init:

0000000000001000 <_init>:
    1000:	48 83 ec 08          	sub    $0x8,%rsp
    1004:	48 8b 05 dd 2f 00 00 	mov    0x2fdd(%rip),%rax        # 3fe8 <__gmon_start__>
    100b:	48 85 c0             	test   %rax,%rax
    100e:	74 02                	je     1012 <_init+0x12>
    1010:	ff d0                	callq  *%rax
    1012:	48 83 c4 08          	add    $0x8,%rsp
    1016:	c3                   	retq   

Disassembly of section .plt:

0000000000001020 <.plt>:
    1020:	ff 35 e2 2f 00 00    	pushq  0x2fe2(%rip)        # 4008 <_GLOBAL_OFFSET_TABLE_+0x8>
    1026:	ff 25 e4 2f 00 00    	jmpq   *0x2fe4(%rip)        # 4010 <_GLOBAL_OFFSET_TABLE_+0x10>
    102c:	0f 1f 40 00          	nopl   0x0(%rax)

0000000000001030 <printf@plt>:
    1030:	ff 25 e2 2f 00 00    	jmpq   *0x2fe2(%rip)        # 4018 <printf@GLIBC_2.2.5>
    1036:	68 00 00 00 00       	pushq  $0x0
    103b:	e9 e0 ff ff ff       	jmpq   1020 <.plt>

Disassembly of section .plt.got:

0000000000001040 <__cxa_finalize@plt>:
    1040:	ff 25 b2 2f 00 00    	jmpq   *0x2fb2(%rip)        # 3ff8 <__cxa_finalize@GLIBC_2.2.5>
    1046:	66 90                	xchg   %ax,%ax

Disassembly of section .text:

0000000000001050 <_start>:
    1050:	31 ed                	xor    %ebp,%ebp
    1052:	49 89 d1             	mov    %rdx,%r9
    1055:	5e                   	pop    %rsi
    1056:	48 89 e2             	mov    %rsp,%rdx
    1059:	48 83 e4 f0          	and    $0xfffffffffffffff0,%rsp
    105d:	50                   	push   %rax
    105e:	54                   	push   %rsp
    105f:	4c 8d 05 6a 01 00 00 	lea    0x16a(%rip),%r8        # 11d0 <__libc_csu_fini>
    1066:	48 8d 0d 03 01 00 00 	lea    0x103(%rip),%rcx        # 1170 <__libc_csu_init>
    106d:	48 8d 3d c9 00 00 00 	lea    0xc9(%rip),%rdi        # 113d <main>
    1074:	ff 15 66 2f 00 00    	callq  *0x2f66(%rip)        # 3fe0 <__libc_start_main@GLIBC_2.2.5>
    107a:	f4                   	hlt    
    107b:	0f 1f 44 00 00       	nopl   0x0(%rax,%rax,1)

0000000000001080 <deregister_tm_clones>:
    1080:	48 8d 3d a9 2f 00 00 	lea    0x2fa9(%rip),%rdi        # 4030 <__TMC_END__>
    1087:	48 8d 05 a2 2f 00 00 	lea    0x2fa2(%rip),%rax        # 4030 <__TMC_END__>
    108e:	48 39 f8             	cmp    %rdi,%rax
    1091:	74 15                	je     10a8 <deregister_tm_clones+0x28>
    1093:	48 8b 05 3e 2f 00 00 	mov    0x2f3e(%rip),%rax        # 3fd8 <_ITM_deregisterTMCloneTable>
    109a:	48 85 c0             	test   %rax,%rax
    109d:	74 09                	je     10a8 <deregister_tm_clones+0x28>
    109f:	ff e0                	jmpq   *%rax
    10a1:	0f 1f 80 00 00 00 00 	nopl   0x0(%rax)
    10a8:	c3                   	retq   
    10a9:	0f 1f 80 00 00 00 00 	nopl   0x0(%rax)

00000000000010b0 <register_tm_clones>:
    10b0:	48 8d 3d 79 2f 00 00 	lea    0x2f79(%rip),%rdi        # 4030 <__TMC_END__>
    10b7:	48 8d 35 72 2f 00 00 	lea    0x2f72(%rip),%rsi        # 4030 <__TMC_END__>
    10be:	48 29 fe             	sub    %rdi,%rsi
    10c1:	48 c1 fe 03          	sar    $0x3,%rsi
    10c5:	48 89 f0             	mov    %rsi,%rax
    10c8:	48 c1 e8 3f          	shr    $0x3f,%rax
    10cc:	48 01 c6             	add    %rax,%rsi
    10cf:	48 d1 fe             	sar    %rsi
    10d2:	74 14                	je     10e8 <register_tm_clones+0x38>
    10d4:	48 8b 05 15 2f 00 00 	mov    0x2f15(%rip),%rax        # 3ff0 <_ITM_registerTMCloneTable>
    10db:	48 85 c0             	test   %rax,%rax
    10de:	74 08                	je     10e8 <register_tm_clones+0x38>
    10e0:	ff e0                	jmpq   *%rax
    10e2:	66 0f 1f 44 00 00    	nopw   0x0(%rax,%rax,1)
    10e8:	c3                   	retq   
    10e9:	0f 1f 80 00 00 00 00 	nopl   0x0(%rax)

00000000000010f0 <__do_global_dtors_aux>:
    10f0:	80 3d 39 2f 00 00 00 	cmpb   $0x0,0x2f39(%rip)        # 4030 <__TMC_END__>
    10f7:	75 2f                	jne    1128 <__do_global_dtors_aux+0x38>
    10f9:	55                   	push   %rbp
    10fa:	48 83 3d f6 2e 00 00 	cmpq   $0x0,0x2ef6(%rip)        # 3ff8 <__cxa_finalize@GLIBC_2.2.5>
    1101:	00 
    1102:	48 89 e5             	mov    %rsp,%rbp
    1105:	74 0c                	je     1113 <__do_global_dtors_aux+0x23>
    1107:	48 8b 3d 1a 2f 00 00 	mov    0x2f1a(%rip),%rdi        # 4028 <__dso_handle>
    110e:	e8 2d ff ff ff       	callq  1040 <__cxa_finalize@plt>
    1113:	e8 68 ff ff ff       	callq  1080 <deregister_tm_clones>
    1118:	c6 05 11 2f 00 00 01 	movb   $0x1,0x2f11(%rip)        # 4030 <__TMC_END__>
    111f:	5d                   	pop    %rbp
    1120:	c3                   	retq   
    1121:	0f 1f 80 00 00 00 00 	nopl   0x0(%rax)
    1128:	c3                   	retq   
    1129:	0f 1f 80 00 00 00 00 	nopl   0x0(%rax)

0000000000001130 <frame_dummy>:
    1130:	e9 7b ff ff ff       	jmpq   10b0 <register_tm_clones>

0000000000001135 <get_rip>:
    1135:	48 8d 05 00 00 00 00 	lea    0x0(%rip),%rax        # 113c <get_rip+0x7>
    113c:	c3                   	retq   

000000000000113d <main>:
    113d:	48 83 ec 08          	sub    $0x8,%rsp
    1141:	e8 ef ff ff ff       	callq  1135 <get_rip>
    1146:	48 89 c2             	mov    %rax,%rdx
    1149:	48 8d 35 e5 ff ff ff 	lea    -0x1b(%rip),%rsi        # 1135 <get_rip>
    1150:	48 8d 3d ad 0e 00 00 	lea    0xead(%rip),%rdi        # 2004 <_IO_stdin_used+0x4>
    1157:	b8 00 00 00 00       	mov    $0x0,%eax
    115c:	e8 cf fe ff ff       	callq  1030 <printf@plt>
    1161:	b8 00 00 00 00       	mov    $0x0,%eax
    1166:	48 83 c4 08          	add    $0x8,%rsp
    116a:	c3                   	retq   
    116b:	0f 1f 44 00 00       	nopl   0x0(%rax,%rax,1)

0000000000001170 <__libc_csu_init>:
    1170:	41 57                	push   %r15
    1172:	49 89 d7             	mov    %rdx,%r15
    1175:	41 56                	push   %r14
    1177:	49 89 f6             	mov    %rsi,%r14
    117a:	41 55                	push   %r13
    117c:	41 89 fd             	mov    %edi,%r13d
    117f:	41 54                	push   %r12
    1181:	4c 8d 25 60 2c 00 00 	lea    0x2c60(%rip),%r12        # 3de8 <__frame_dummy_init_array_entry>
    1188:	55                   	push   %rbp
    1189:	48 8d 2d 60 2c 00 00 	lea    0x2c60(%rip),%rbp        # 3df0 <__init_array_end>
    1190:	53                   	push   %rbx
    1191:	4c 29 e5             	sub    %r12,%rbp
    1194:	48 83 ec 08          	sub    $0x8,%rsp
    1198:	e8 63 fe ff ff       	callq  1000 <_init>
    119d:	48 c1 fd 03          	sar    $0x3,%rbp
    11a1:	74 1b                	je     11be <__libc_csu_init+0x4e>
    11a3:	31 db                	xor    %ebx,%ebx
    11a5:	0f 1f 00             	nopl   (%rax)
    11a8:	4c 89 fa             	mov    %r15,%rdx
    11ab:	4c 89 f6             	mov    %r14,%rsi
    11ae:	44 89 ef             	mov    %r13d,%edi
    11b1:	41 ff 14 dc          	callq  *(%r12,%rbx,8)
    11b5:	48 83 c3 01          	add    $0x1,%rbx
    11b9:	48 39 dd             	cmp    %rbx,%rbp
    11bc:	75 ea                	jne    11a8 <__libc_csu_init+0x38>
    11be:	48 83 c4 08          	add    $0x8,%rsp
    11c2:	5b                   	pop    %rbx
    11c3:	5d                   	pop    %rbp
    11c4:	41 5c                	pop    %r12
    11c6:	41 5d                	pop    %r13
    11c8:	41 5e                	pop    %r14
    11ca:	41 5f                	pop    %r15
    11cc:	c3                   	retq   
    11cd:	0f 1f 00             	nopl   (%rax)

00000000000011d0 <__libc_csu_fini>:
    11d0:	c3                   	retq   

Disassembly of section .fini:

00000000000011d4 <_fini>:
    11d4:	48 83 ec 08          	sub    $0x8,%rsp
    11d8:	48 83 c4 08          	add    $0x8,%rsp
    11dc:	c3                   	retq   
alee889@remote01:~/i220b/submit/lab10/files/rip$ c d../[K[K[K[K[Kd ../rsp
alee889@remote01:~/i220b/submit/lab10/files/rsp$ cat rsp.c 
#include <stdio.h>

/** Return value of %rsp register just before return */
static void *
get_rsp(void)
{
  void *rsp;
  //@TODO: inline assembly to set rsp C var to value of %rsp register
  return rsp;
}

int main() {
  int stkVar;
  printf("&stkVar = %p; rsp = %p\n", &stkVar, get_rsp());
  return 0;
}
alee889@remote01:~/i220b/submit/lab10/files/rsp$ nano get_[K[Kt[K[K[K[K rsp.c 
[?1049h[22;0;0t[1;24r(B[m[4l[?7h[39;49m[?1h=[?1h=[?1h=[?25l[39;49m(B[m[H[2J[22;33H(B[0;7m[ Reading File ](B[m[22;32H(B[0;7m[ Read 16 lines ](B[m[H(B[0;7m  GNU nano 3.2                         rsp.c                                    [1;79H(B[m[23d(B[0;7m^G(B[m Get Help  (B[0;7m^O(B[m Write Out (B[0;7m^W(B[m Where Is  (B[0;7m^K(B[m Cut Text  (B[0;7m^J(B[m Justify   (B[0;7m^C(B[m Cur Pos[24d(B[0;7m^X(B[m Exit[14G(B[0;7m^R(B[m Read File (B[0;7m^\(B[m Replace   (B[0;7m^U(B[m Uncut Text(B[0;7m^T(B[m To Spell  (B[0;7m^_(B[m Go To Line[22d[3d(B[0;1m[36m#include[39m(B[m (B[0;1m[33m<stdio.h>[5d[34m/** Return value of %rsp register just before return */[6d(B[0m[32mstatic[39m(B[m [32mvoid[39m(B[m *[7dget_rsp([32mvoid[39m(B[m)[8d{[9d [32mvoid[39m(B[m *rsp;[10;3H(B[0;1m[34m//@[37m[43mTODO[39;49m[34m: inline assembly to set rsp C var to value of %rsp register[11;3H(B[0m[35mreturn[39m(B[m rsp;[12d}[14d[32mint[39m(B[m main() {[15;3H[32mint[39m(B[m stkVar;[16;3Hprintf((B[0;1m[33m"&stkVar = %p; rsp = %p\n"[39m(B[m, &stkVar, get_rsp());[17;3H[35mreturn[39m(B[m 0;[18d}[3d[?12l[?25h[?25l[C[?12l[?25h[?25l[4d[?12l[?25h[?25l[5;2H[?12l[?25h[?25l[6d[?12l[?25h[?25l[7d[?12l[?25h[?25l[8d[?12l[?25h[?25l[9d[?12l[?25h[?25l[10d[?12l[?25h[?25l[11d[?12l[?25h[?25l[1;71H(B[0;7mModified(B[m[11;21r[11;1HM[1;24r[11;1H[42m [12d[49m(B[m[1P[?12l[?25h[?25l[A[?12l[?25h[?25l[12d[?12l[?25h[?25l[12;9H[1K [35mreturn[39m(B[m rsp;[12;9H[?12l[?25h[?25l[8P[?12l[?25h[?25l[12;21r[21;1H
[1;24r[11;1H  [35mreturn[39m(B[m rsp; [?12l[?25h[?25l7[11;21r8M[1;24r[11;1H[42m [12d[49m(B[m[1P[?12l[?25h[?25l[A[?12l[?25h[?25l[11;9H[42m[1K[49m(B[m[?12l[?25h[?25l[12d[?12l[?25h[?25l[?12l[?25h[?25l[?12l[?25h[?25l[?12l[?25h[?25l[?12l[?25h[?25l[?12l[?25h[?25l[?12l[?25h[?25l[22d[K[12d [?12l[?25h[?25l  [35mreturn[39m(B[m rsp;  [?12l[?25h[?25l[A[?12l[?25h[?25l[C[?12l[?25h[?25l[C[?12l[?25h[?25l[?12l[?25h[?25l[?12l[?25h[?25l[11;9H[?12l[?25h[?25l[C[?12l[?25h[?25l[?12l[?25h[?25l[C[?12l[?25h[?25l[12d[?12l[?25h[?25l [?12l[?25h[?25l[?12l[?25h[?25l[11;10H[?12l[?25h[?25l [?12l[?25h[?25l[K[?12l[?25h[?25l[11;22r[22;1H
[1;24r[10;70H[?12l[?25h[?25l7[11;22r8[11dM[1;24r[11;1H[?12l[?25h[?25l[42m [49m(B[m[?12l[?25h[?25l[42m [49m(B[m[?12l[?25h[?25l  _[?12l[?25h[?25l(B[0;1m[31m__[39m(B[m[?12l[?25h[?25l__a[?12l[?25h[?25ls[?12l[?25h[?25lm[?12l[?25h[?25l+[?12l[?25h[?25l+[?12l[?25h[?25l [?12l[?25h[?25l [?12l[?25h[?25l_[?12l[?25h[?25l  [36m__asm__[39m(B[m[?12l[?25h[?25l([?12l[?25h[?25l"[?12l[?25h[?25l [?12l[?25h[?25l[42m [49m(B[m[?12l[?25h[?25l "[?12l[?25h[?25ll[?12l[?25h[?25le[?12l[?25h[?25la[?12l[?25h[?25lq[?12l[?25h[?25l[42m [49m(B[m[?12l[?25h[?25l ([?12l[?25h[?25l%[?12l[?25h[?25l%[?12l[?25h[?25lr[?12l[?25h[?25ls[?12l[?25h[?25lp[?12l[?25h[?25l)[?12l[?25h[?25l,[?12l[?25h[?25l[42m [49m(B[m[?12l[?25h[?25l %[?12l[?25h[?25l0[?12l[?25h[?25l[11;12H(B[0;1m[33m"leaq (%%rsp), %0"[39m(B[m[?12l[?25h[?25l:[?12l[?25h[?25l[42m [49m(B[m[?12l[?25h[?25l "[?12l[?25h[?25l=[?12l[?25h[?25lr[?12l[?25h[?25l(B[0;1m[33m"=r"[39m(B[m[?12l[?25h[?25l([?12l[?25h[?25lr[?12l[?25h[?25ls[?12l[?25h[?25lp[?12l[?25h[?25l)[?12l[?25h[?25l)[?12l[?25h[?25l[42m [49m(B[m[?12l[?25h[?25l ;[?12l[?25h[?25l[22d(B[0;7mSave modified buffer?  (Answering "No" will DISCARD changes.)                   [23;1H Y(B[m Yes[K[24d(B[0;7m N(B[m No  [14G   (B[0;7m^C(B[m Cancel[K[22;63H[?12l[?25h[?25l[23d(B[0;7m^G(B[m Get Help[23;21H(B[0;7mM-D(B[m DOS Format[41G(B[0;7mM-A(B[m Append[23;61H(B[0;7mM-B(B[m Backup File[24d(B[0;7m^C(B[m Cancel[17G    (B[0;7mM-M(B[m Mac Format[41G(B[0;7mM-P(B[m Prepend[24;61H(B[0;7m^T(B[m To Files[22d(B[0;7mFile Name to Write: rsp.c                                    (B[m[22;26H[?12l[?25h[?25l[K[1;79H[1;71H(B[0;7m        (B[m[22;32H(B[0;7m[ Wrote 17 lines ](B[m[J[24;80H[?12l[?25h[24;1H[?1049l[23;0;0t[?1l>alee889@remote01:~/i220b/submit/lab10/files/rsp$ make
cc -Wall -Og -std=c11 -S rsp.c
cc -Wall -Og -std=c11    rsp.c   -o rsp
objdump -d rsp > rsp.dump
alee889@remote01:~/i220b/submit/lab10/files/rsp$ dir
Makefile  rsp  rsp.c  rsp.dump	rsp.s
alee889@remote01:~/i220b/submit/lab10/files/rsp$ ./rsp
&stkVar = 0x7ffdcb0b6fdc; rsp = 0x7ffdcb0b6fc8
alee889@remote01:~/i220b/submit/lab10/files/rsp$ cat rsp.dump

rsp:     file format elf64-x86-64


Disassembly of section .init:

0000000000001000 <_init>:
    1000:	48 83 ec 08          	sub    $0x8,%rsp
    1004:	48 8b 05 dd 2f 00 00 	mov    0x2fdd(%rip),%rax        # 3fe8 <__gmon_start__>
    100b:	48 85 c0             	test   %rax,%rax
    100e:	74 02                	je     1012 <_init+0x12>
    1010:	ff d0                	callq  *%rax
    1012:	48 83 c4 08          	add    $0x8,%rsp
    1016:	c3                   	retq   

Disassembly of section .plt:

0000000000001020 <.plt>:
    1020:	ff 35 e2 2f 00 00    	pushq  0x2fe2(%rip)        # 4008 <_GLOBAL_OFFSET_TABLE_+0x8>
    1026:	ff 25 e4 2f 00 00    	jmpq   *0x2fe4(%rip)        # 4010 <_GLOBAL_OFFSET_TABLE_+0x10>
    102c:	0f 1f 40 00          	nopl   0x0(%rax)

0000000000001030 <printf@plt>:
    1030:	ff 25 e2 2f 00 00    	jmpq   *0x2fe2(%rip)        # 4018 <printf@GLIBC_2.2.5>
    1036:	68 00 00 00 00       	pushq  $0x0
    103b:	e9 e0 ff ff ff       	jmpq   1020 <.plt>

Disassembly of section .plt.got:

0000000000001040 <__cxa_finalize@plt>:
    1040:	ff 25 b2 2f 00 00    	jmpq   *0x2fb2(%rip)        # 3ff8 <__cxa_finalize@GLIBC_2.2.5>
    1046:	66 90                	xchg   %ax,%ax

Disassembly of section .text:

0000000000001050 <_start>:
    1050:	31 ed                	xor    %ebp,%ebp
    1052:	49 89 d1             	mov    %rdx,%r9
    1055:	5e                   	pop    %rsi
    1056:	48 89 e2             	mov    %rsp,%rdx
    1059:	48 83 e4 f0          	and    $0xfffffffffffffff0,%rsp
    105d:	50                   	push   %rax
    105e:	54                   	push   %rsp
    105f:	4c 8d 05 6a 01 00 00 	lea    0x16a(%rip),%r8        # 11d0 <__libc_csu_fini>
    1066:	48 8d 0d 03 01 00 00 	lea    0x103(%rip),%rcx        # 1170 <__libc_csu_init>
    106d:	48 8d 3d c6 00 00 00 	lea    0xc6(%rip),%rdi        # 113a <main>
    1074:	ff 15 66 2f 00 00    	callq  *0x2f66(%rip)        # 3fe0 <__libc_start_main@GLIBC_2.2.5>
    107a:	f4                   	hlt    
    107b:	0f 1f 44 00 00       	nopl   0x0(%rax,%rax,1)

0000000000001080 <deregister_tm_clones>:
    1080:	48 8d 3d a9 2f 00 00 	lea    0x2fa9(%rip),%rdi        # 4030 <__TMC_END__>
    1087:	48 8d 05 a2 2f 00 00 	lea    0x2fa2(%rip),%rax        # 4030 <__TMC_END__>
    108e:	48 39 f8             	cmp    %rdi,%rax
    1091:	74 15                	je     10a8 <deregister_tm_clones+0x28>
    1093:	48 8b 05 3e 2f 00 00 	mov    0x2f3e(%rip),%rax        # 3fd8 <_ITM_deregisterTMCloneTable>
    109a:	48 85 c0             	test   %rax,%rax
    109d:	74 09                	je     10a8 <deregister_tm_clones+0x28>
    109f:	ff e0                	jmpq   *%rax
    10a1:	0f 1f 80 00 00 00 00 	nopl   0x0(%rax)
    10a8:	c3                   	retq   
    10a9:	0f 1f 80 00 00 00 00 	nopl   0x0(%rax)

00000000000010b0 <register_tm_clones>:
    10b0:	48 8d 3d 79 2f 00 00 	lea    0x2f79(%rip),%rdi        # 4030 <__TMC_END__>
    10b7:	48 8d 35 72 2f 00 00 	lea    0x2f72(%rip),%rsi        # 4030 <__TMC_END__>
    10be:	48 29 fe             	sub    %rdi,%rsi
    10c1:	48 c1 fe 03          	sar    $0x3,%rsi
    10c5:	48 89 f0             	mov    %rsi,%rax
    10c8:	48 c1 e8 3f          	shr    $0x3f,%rax
    10cc:	48 01 c6             	add    %rax,%rsi
    10cf:	48 d1 fe             	sar    %rsi
    10d2:	74 14                	je     10e8 <register_tm_clones+0x38>
    10d4:	48 8b 05 15 2f 00 00 	mov    0x2f15(%rip),%rax        # 3ff0 <_ITM_registerTMCloneTable>
    10db:	48 85 c0             	test   %rax,%rax
    10de:	74 08                	je     10e8 <register_tm_clones+0x38>
    10e0:	ff e0                	jmpq   *%rax
    10e2:	66 0f 1f 44 00 00    	nopw   0x0(%rax,%rax,1)
    10e8:	c3                   	retq   
    10e9:	0f 1f 80 00 00 00 00 	nopl   0x0(%rax)

00000000000010f0 <__do_global_dtors_aux>:
    10f0:	80 3d 39 2f 00 00 00 	cmpb   $0x0,0x2f39(%rip)        # 4030 <__TMC_END__>
    10f7:	75 2f                	jne    1128 <__do_global_dtors_aux+0x38>
    10f9:	55                   	push   %rbp
    10fa:	48 83 3d f6 2e 00 00 	cmpq   $0x0,0x2ef6(%rip)        # 3ff8 <__cxa_finalize@GLIBC_2.2.5>
    1101:	00 
    1102:	48 89 e5             	mov    %rsp,%rbp
    1105:	74 0c                	je     1113 <__do_global_dtors_aux+0x23>
    1107:	48 8b 3d 1a 2f 00 00 	mov    0x2f1a(%rip),%rdi        # 4028 <__dso_handle>
    110e:	e8 2d ff ff ff       	callq  1040 <__cxa_finalize@plt>
    1113:	e8 68 ff ff ff       	callq  1080 <deregister_tm_clones>
    1118:	c6 05 11 2f 00 00 01 	movb   $0x1,0x2f11(%rip)        # 4030 <__TMC_END__>
    111f:	5d                   	pop    %rbp
    1120:	c3                   	retq   
    1121:	0f 1f 80 00 00 00 00 	nopl   0x0(%rax)
    1128:	c3                   	retq   
    1129:	0f 1f 80 00 00 00 00 	nopl   0x0(%rax)

0000000000001130 <frame_dummy>:
    1130:	e9 7b ff ff ff       	jmpq   10b0 <register_tm_clones>

0000000000001135 <get_rsp>:
    1135:	48 8d 04 24          	lea    (%rsp),%rax
    1139:	c3                   	retq   

000000000000113a <main>:
    113a:	48 83 ec 18          	sub    $0x18,%rsp
    113e:	e8 f2 ff ff ff       	callq  1135 <get_rsp>
    1143:	48 8d 74 24 0c       	lea    0xc(%rsp),%rsi
    1148:	48 89 c2             	mov    %rax,%rdx
    114b:	48 8d 3d b2 0e 00 00 	lea    0xeb2(%rip),%rdi        # 2004 <_IO_stdin_used+0x4>
    1152:	b8 00 00 00 00       	mov    $0x0,%eax
    1157:	e8 d4 fe ff ff       	callq  1030 <printf@plt>
    115c:	b8 00 00 00 00       	mov    $0x0,%eax
    1161:	48 83 c4 18          	add    $0x18,%rsp
    1165:	c3                   	retq   
    1166:	66 2e 0f 1f 84 00 00 	nopw   %cs:0x0(%rax,%rax,1)
    116d:	00 00 00 

0000000000001170 <__libc_csu_init>:
    1170:	41 57                	push   %r15
    1172:	49 89 d7             	mov    %rdx,%r15
    1175:	41 56                	push   %r14
    1177:	49 89 f6             	mov    %rsi,%r14
    117a:	41 55                	push   %r13
    117c:	41 89 fd             	mov    %edi,%r13d
    117f:	41 54                	push   %r12
    1181:	4c 8d 25 60 2c 00 00 	lea    0x2c60(%rip),%r12        # 3de8 <__frame_dummy_init_array_entry>
    1188:	55                   	push   %rbp
    1189:	48 8d 2d 60 2c 00 00 	lea    0x2c60(%rip),%rbp        # 3df0 <__init_array_end>
    1190:	53                   	push   %rbx
    1191:	4c 29 e5             	sub    %r12,%rbp
    1194:	48 83 ec 08          	sub    $0x8,%rsp
    1198:	e8 63 fe ff ff       	callq  1000 <_init>
    119d:	48 c1 fd 03          	sar    $0x3,%rbp
    11a1:	74 1b                	je     11be <__libc_csu_init+0x4e>
    11a3:	31 db                	xor    %ebx,%ebx
    11a5:	0f 1f 00             	nopl   (%rax)
    11a8:	4c 89 fa             	mov    %r15,%rdx
    11ab:	4c 89 f6             	mov    %r14,%rsi
    11ae:	44 89 ef             	mov    %r13d,%edi
    11b1:	41 ff 14 dc          	callq  *(%r12,%rbx,8)
    11b5:	48 83 c3 01          	add    $0x1,%rbx
    11b9:	48 39 dd             	cmp    %rbx,%rbp
    11bc:	75 ea                	jne    11a8 <__libc_csu_init+0x38>
    11be:	48 83 c4 08          	add    $0x8,%rsp
    11c2:	5b                   	pop    %rbx
    11c3:	5d                   	pop    %rbp
    11c4:	41 5c                	pop    %r12
    11c6:	41 5d                	pop    %r13
    11c8:	41 5e                	pop    %r14
    11ca:	41 5f                	pop    %r15
    11cc:	c3                   	retq   
    11cd:	0f 1f 00             	nopl   (%rax)

00000000000011d0 <__libc_csu_fini>:
    11d0:	c3                   	retq   

Disassembly of section .fini:

00000000000011d4 <_fini>:
    11d4:	48 83 ec 08          	sub    $0x8,%rsp
    11d8:	48 83 c4 08          	add    $0x8,%rsp
    11dc:	c3                   	retq   
alee889@remote01:~/i220b/submit/lab10/files/rsp$ exit
exit

Script done on 2019-10-24 22:27:48-04:00 [COMMAND_EXIT_CODE="0"]
